login as: ec2-user
Authenticating with public key "imported-openssh-key"
Last login: Mon Jun 21 05:30:47 2021 from 49.37.42.160

       __|  __|_  )
       _|  (     /   Amazon Linux 2 AMI
      ___|\___|___|

https://aws.amazon.com/amazon-linux-2/
52 package(s) needed for security, out of 71 available
Run "sudo yum update" to apply all updates.
[ec2-user@ip-172-31-6-207 ~]$
[ec2-user@ip-172-31-6-207 ~]$ ls -lrt
total 0
drwxrwxrwx 2 root root 6 Jun 19 04:06 naba
drwxrwxrwx 2 root root 6 Jun 19 04:07 jyoti
[ec2-user@ip-172-31-6-207 ~]$ sudo su
[root@ip-172-31-6-207 ec2-user]#
[root@ip-172-31-6-207 ec2-user]# yum update -y
Loaded plugins: extras_suggestions, langpacks, priorities, update-motd
amzn2-core                                                                                         | 3.7 kB  00:00:00
Resolving Dependencies
--> Running transaction check
---> Package amazon-ssm-agent.x86_64 0:3.0.529.0-1.amzn2 will be updated
---> Package amazon-ssm-agent.x86_64 0:3.0.1124.0-1.amzn2 will be an update
---> Package bind-export-libs.x86_64 32:9.11.4-26.P2.amzn2.5 will be updated
---> Package bind-export-libs.x86_64 32:9.11.4-26.P2.amzn2.5.2 will be an update
---> Package bind-libs.x86_64 32:9.11.4-26.P2.amzn2.5 will be updated
---> Package bind-libs.x86_64 32:9.11.4-26.P2.amzn2.5.2 will be an update
---> Package bind-libs-lite.x86_64 32:9.11.4-26.P2.amzn2.5 will be updated
---> Package bind-libs-lite.x86_64 32:9.11.4-26.P2.amzn2.5.2 will be an update
---> Package bind-license.noarch 32:9.11.4-26.P2.amzn2.5 will be updated
---> Package bind-license.noarch 32:9.11.4-26.P2.amzn2.5.2 will be an update
---> Package bind-utils.x86_64 32:9.11.4-26.P2.amzn2.5 will be updated
---> Package bind-utils.x86_64 32:9.11.4-26.P2.amzn2.5.2 will be an update
---> Package bzip2.x86_64 0:1.0.6-13.amzn2.0.2 will be updated
---> Package bzip2.x86_64 0:1.0.6-13.amzn2.0.3 will be an update
---> Package bzip2-libs.x86_64 0:1.0.6-13.amzn2.0.2 will be updated
---> Package bzip2-libs.x86_64 0:1.0.6-13.amzn2.0.3 will be an update
---> Package chrony.x86_64 0:4.0-3.amzn2.0.1 will be updated
---> Package chrony.x86_64 0:4.0-3.amzn2.0.2 will be an update
---> Package cloud-init.noarch 0:19.3-43.amzn2 will be updated
---> Package cloud-init.noarch 0:19.3-44.amzn2 will be an update
---> Package curl.x86_64 0:7.61.1-12.amzn2.0.2 will be updated
---> Package curl.x86_64 0:7.61.1-12.amzn2.0.4 will be an update
---> Package dhclient.x86_64 12:4.2.5-77.amzn2.1.1 will be updated
---> Package dhclient.x86_64 12:4.2.5-77.amzn2.1.3 will be an update
---> Package dhcp-common.x86_64 12:4.2.5-77.amzn2.1.1 will be updated
---> Package dhcp-common.x86_64 12:4.2.5-77.amzn2.1.3 will be an update
---> Package dhcp-libs.x86_64 12:4.2.5-77.amzn2.1.1 will be updated
---> Package dhcp-libs.x86_64 12:4.2.5-77.amzn2.1.3 will be an update
---> Package dracut.x86_64 0:033-535.amzn2.1.3 will be updated
---> Package dracut.x86_64 0:033-535.amzn2.1.4 will be an update
---> Package dracut-config-ec2.noarch 0:1.0-1.amzn2 will be updated
---> Package dracut-config-ec2.noarch 0:2.0-1.amzn2 will be an update
---> Package dracut-config-generic.x86_64 0:033-535.amzn2.1.3 will be updated
---> Package dracut-config-generic.x86_64 0:033-535.amzn2.1.4 will be an update
---> Package emacs-filesystem.noarch 1:25.3-3.amzn2.0.2 will be updated
---> Package emacs-filesystem.noarch 1:27.1-1.amzn2.0.1 will be an update
---> Package git.x86_64 0:2.23.4-1.amzn2.0.1 will be updated
---> Package git.x86_64 0:2.32.0-1.amzn2.0.1 will be an update
---> Package git-core.x86_64 0:2.23.4-1.amzn2.0.1 will be updated
---> Package git-core.x86_64 0:2.32.0-1.amzn2.0.1 will be an update
---> Package git-core-doc.noarch 0:2.23.4-1.amzn2.0.1 will be updated
---> Package git-core-doc.noarch 0:2.32.0-1.amzn2.0.1 will be an update
---> Package glib2.x86_64 0:2.56.1-7.amzn2.0.1 will be updated
---> Package glib2.x86_64 0:2.56.1-9.amzn2.0.1 will be an update
---> Package glibc.x86_64 0:2.26-45.amzn2 will be updated
---> Package glibc.x86_64 0:2.26-48.amzn2 will be an update
---> Package glibc-all-langpacks.x86_64 0:2.26-45.amzn2 will be updated
---> Package glibc-all-langpacks.x86_64 0:2.26-48.amzn2 will be an update
---> Package glibc-common.x86_64 0:2.26-45.amzn2 will be updated
---> Package glibc-common.x86_64 0:2.26-48.amzn2 will be an update
---> Package glibc-locale-source.x86_64 0:2.26-45.amzn2 will be updated
---> Package glibc-locale-source.x86_64 0:2.26-48.amzn2 will be an update
---> Package glibc-minimal-langpack.x86_64 0:2.26-45.amzn2 will be updated
---> Package glibc-minimal-langpack.x86_64 0:2.26-48.amzn2 will be an update
---> Package grub2.x86_64 1:2.02-35.amzn2.0.4 will be obsoleted
---> Package grub2.x86_64 1:2.06-2.amzn2.0.1 will be obsoleting
---> Package grub2-common.noarch 1:2.02-35.amzn2.0.4 will be updated
---> Package grub2-common.noarch 1:2.06-2.amzn2.0.1 will be an update
---> Package grub2-pc.x86_64 1:2.02-35.amzn2.0.4 will be updated
---> Package grub2-pc.x86_64 1:2.06-2.amzn2.0.1 will be obsoleting
---> Package grub2-pc-modules.noarch 1:2.02-35.amzn2.0.4 will be updated
---> Package grub2-pc-modules.noarch 1:2.06-2.amzn2.0.1 will be an update
---> Package grub2-tools.x86_64 1:2.02-35.amzn2.0.4 will be obsoleted
---> Package grub2-tools.x86_64 1:2.06-2.amzn2.0.1 will be obsoleting
---> Package grub2-tools-efi.x86_64 1:2.06-2.amzn2.0.1 will be obsoleting
---> Package grub2-tools-extra.x86_64 1:2.02-35.amzn2.0.4 will be updated
---> Package grub2-tools-extra.x86_64 1:2.06-2.amzn2.0.1 will be obsoleting
---> Package grub2-tools-minimal.x86_64 1:2.02-35.amzn2.0.4 will be updated
---> Package grub2-tools-minimal.x86_64 1:2.06-2.amzn2.0.1 will be obsoleting
--> Processing Dependency: libfuse.so.2(FUSE_2.6)(64bit) for package: 1:grub2-tools-minimal-2.06-2.amzn2.0.1.x86_64
--> Processing Dependency: libfuse.so.2()(64bit) for package: 1:grub2-tools-minimal-2.06-2.amzn2.0.1.x86_64
---> Package kernel.x86_64 0:4.14.238-182.422.amzn2 will be installed
---> Package kernel-tools.x86_64 0:4.14.232-176.381.amzn2 will be updated
---> Package kernel-tools.x86_64 0:4.14.238-182.422.amzn2 will be an update
---> Package libcrypt.x86_64 0:2.26-45.amzn2 will be updated
---> Package libcrypt.x86_64 0:2.26-48.amzn2 will be an update
---> Package libcurl.x86_64 0:7.61.1-12.amzn2.0.2 will be updated
---> Package libcurl.x86_64 0:7.61.1-12.amzn2.0.4 will be an update
---> Package libgcc.x86_64 0:7.3.1-12.amzn2 will be updated
---> Package libgcc.x86_64 0:7.3.1-13.amzn2 will be an update
---> Package libgomp.x86_64 0:7.3.1-12.amzn2 will be updated
---> Package libgomp.x86_64 0:7.3.1-13.amzn2 will be an update
---> Package libstdc++.x86_64 0:7.3.1-12.amzn2 will be updated
---> Package libstdc++.x86_64 0:7.3.1-13.amzn2 will be an update
---> Package libwebp.x86_64 0:0.3.0-7.amzn2 will be updated
---> Package libwebp.x86_64 0:0.3.0-10.amzn2 will be an update
---> Package libxml2.x86_64 0:2.9.1-6.amzn2.5.1 will be updated
---> Package libxml2.x86_64 0:2.9.1-6.amzn2.5.4 will be an update
---> Package libxml2-python.x86_64 0:2.9.1-6.amzn2.5.1 will be updated
---> Package libxml2-python.x86_64 0:2.9.1-6.amzn2.5.4 will be an update
---> Package microcode_ctl.x86_64 2:2.1-47.amzn2.0.7 will be updated
---> Package microcode_ctl.x86_64 2:2.1-47.amzn2.0.9 will be an update
---> Package nss.x86_64 0:3.53.1-3.amzn2 will be updated
---> Package nss.x86_64 0:3.53.1-7.amzn2 will be an update
---> Package nss-sysinit.x86_64 0:3.53.1-3.amzn2 will be updated
---> Package nss-sysinit.x86_64 0:3.53.1-7.amzn2 will be an update
---> Package nss-tools.x86_64 0:3.53.1-3.amzn2 will be updated
---> Package nss-tools.x86_64 0:3.53.1-7.amzn2 will be an update
---> Package openldap.x86_64 0:2.4.44-23.amzn2 will be updated
---> Package openldap.x86_64 0:2.4.44-23.amzn2.0.1 will be an update
---> Package openssl.x86_64 1:1.0.2k-19.amzn2.0.6 will be updated
---> Package openssl.x86_64 1:1.0.2k-19.amzn2.0.7 will be an update
---> Package openssl-libs.x86_64 1:1.0.2k-19.amzn2.0.6 will be updated
---> Package openssl-libs.x86_64 1:1.0.2k-19.amzn2.0.7 will be an update
---> Package perl-Git.noarch 0:2.23.4-1.amzn2.0.1 will be updated
---> Package perl-Git.noarch 0:2.32.0-1.amzn2.0.1 will be an update
---> Package python.x86_64 0:2.7.18-1.amzn2.0.3 will be updated
---> Package python.x86_64 0:2.7.18-1.amzn2.0.4 will be an update
---> Package python-devel.x86_64 0:2.7.18-1.amzn2.0.3 will be updated
---> Package python-devel.x86_64 0:2.7.18-1.amzn2.0.4 will be an update
---> Package python-libs.x86_64 0:2.7.18-1.amzn2.0.3 will be updated
---> Package python-libs.x86_64 0:2.7.18-1.amzn2.0.4 will be an update
---> Package python-urllib3.noarch 0:1.25.7-1.amzn2.0.1 will be updated
---> Package python-urllib3.noarch 0:1.25.9-1.amzn2.0.2 will be an update
---> Package python2-rpm.x86_64 0:4.11.3-40.amzn2.0.5 will be updated
---> Package python2-rpm.x86_64 0:4.11.3-40.amzn2.0.6 will be an update
---> Package python3.x86_64 0:3.7.9-1.amzn2.0.3 will be updated
---> Package python3.x86_64 0:3.7.10-1.amzn2.0.1 will be an update
---> Package python3-libs.x86_64 0:3.7.9-1.amzn2.0.3 will be updated
---> Package python3-libs.x86_64 0:3.7.10-1.amzn2.0.1 will be an update
---> Package python3-pip.noarch 0:20.2.2-1.amzn2.0.2 will be updated
---> Package python3-pip.noarch 0:20.2.2-1.amzn2.0.3 will be an update
---> Package rpm.x86_64 0:4.11.3-40.amzn2.0.5 will be updated
---> Package rpm.x86_64 0:4.11.3-40.amzn2.0.6 will be an update
---> Package rpm-build-libs.x86_64 0:4.11.3-40.amzn2.0.5 will be updated
---> Package rpm-build-libs.x86_64 0:4.11.3-40.amzn2.0.6 will be an update
---> Package rpm-libs.x86_64 0:4.11.3-40.amzn2.0.5 will be updated
---> Package rpm-libs.x86_64 0:4.11.3-40.amzn2.0.6 will be an update
---> Package rpm-plugin-systemd-inhibit.x86_64 0:4.11.3-40.amzn2.0.5 will be updated
---> Package rpm-plugin-systemd-inhibit.x86_64 0:4.11.3-40.amzn2.0.6 will be an update
---> Package systemd.x86_64 0:219-57.amzn2.0.12 will be updated
---> Package systemd.x86_64 0:219-78.amzn2.0.14 will be an update
---> Package systemd-libs.x86_64 0:219-57.amzn2.0.12 will be updated
---> Package systemd-libs.x86_64 0:219-78.amzn2.0.14 will be an update
---> Package systemd-sysv.x86_64 0:219-57.amzn2.0.12 will be updated
---> Package systemd-sysv.x86_64 0:219-78.amzn2.0.14 will be an update
---> Package systemtap-runtime.x86_64 0:4.2-1.amzn2.0.1 will be updated
---> Package systemtap-runtime.x86_64 0:4.4-1.amzn2.0.1 will be an update
---> Package tzdata.noarch 0:2020d-2.amzn2 will be updated
---> Package tzdata.noarch 0:2021a-1.amzn2 will be an update
---> Package update-motd.noarch 0:1.1.2-2.amzn2 will be updated
---> Package update-motd.noarch 0:1.1.2-2.amzn2.0.2 will be an update
--> Running transaction check
---> Package fuse-libs.x86_64 0:2.9.2-11.amzn2 will be installed
--> Finished Dependency Resolution

Dependencies Resolved

==========================================================================================================================
 Package                               Arch              Version                              Repository             Size
==========================================================================================================================
Installing:
 grub2                                 x86_64            1:2.06-2.amzn2.0.1                   amzn2-core             44 k
     replacing  grub2.x86_64 1:2.02-35.amzn2.0.4
 grub2-pc                              x86_64            1:2.06-2.amzn2.0.1                   amzn2-core             43 k
     replacing  grub2.x86_64 1:2.02-35.amzn2.0.4
 grub2-tools                           x86_64            1:2.06-2.amzn2.0.1                   amzn2-core            2.0 M
     replacing  grub2-tools.x86_64 1:2.02-35.amzn2.0.4
 grub2-tools-efi                       x86_64            1:2.06-2.amzn2.0.1                   amzn2-core            559 k
     replacing  grub2-tools.x86_64 1:2.02-35.amzn2.0.4
 grub2-tools-extra                     x86_64            1:2.06-2.amzn2.0.1                   amzn2-core            1.0 M
     replacing  grub2-tools.x86_64 1:2.02-35.amzn2.0.4
 grub2-tools-minimal                   x86_64            1:2.06-2.amzn2.0.1                   amzn2-core            622 k
     replacing  grub2-tools.x86_64 1:2.02-35.amzn2.0.4
 kernel                                x86_64            4.14.238-182.422.amzn2               amzn2-core             21 M
Updating:
 amazon-ssm-agent                      x86_64            3.0.1124.0-1.amzn2                   amzn2-core             25 M
 bind-export-libs                      x86_64            32:9.11.4-26.P2.amzn2.5.2            amzn2-core            1.1 M
 bind-libs                             x86_64            32:9.11.4-26.P2.amzn2.5.2            amzn2-core            158 k
 bind-libs-lite                        x86_64            32:9.11.4-26.P2.amzn2.5.2            amzn2-core            1.1 M
 bind-license                          noarch            32:9.11.4-26.P2.amzn2.5.2            amzn2-core             91 k
 bind-utils                            x86_64            32:9.11.4-26.P2.amzn2.5.2            amzn2-core            260 k
 bzip2                                 x86_64            1.0.6-13.amzn2.0.3                   amzn2-core             52 k
 bzip2-libs                            x86_64            1.0.6-13.amzn2.0.3                   amzn2-core             40 k
 chrony                                x86_64            4.0-3.amzn2.0.2                      amzn2-core            287 k
 cloud-init                            noarch            19.3-44.amzn2                        amzn2-core            926 k
 curl                                  x86_64            7.61.1-12.amzn2.0.4                  amzn2-core            342 k
 dhclient                              x86_64            12:4.2.5-77.amzn2.1.3                amzn2-core            285 k
 dhcp-common                           x86_64            12:4.2.5-77.amzn2.1.3                amzn2-core            176 k
 dhcp-libs                             x86_64            12:4.2.5-77.amzn2.1.3                amzn2-core            132 k
 dracut                                x86_64            033-535.amzn2.1.4                    amzn2-core            325 k
 dracut-config-ec2                     noarch            2.0-1.amzn2                          amzn2-core            4.1 k
 dracut-config-generic                 x86_64            033-535.amzn2.1.4                    amzn2-core             57 k
 emacs-filesystem                      noarch            1:27.1-1.amzn2.0.1                   amzn2-core             64 k
 git                                   x86_64            2.32.0-1.amzn2.0.1                   amzn2-core            126 k
 git-core                              x86_64            2.32.0-1.amzn2.0.1                   amzn2-core            4.8 M
 git-core-doc                          noarch            2.32.0-1.amzn2.0.1                   amzn2-core            2.7 M
 glib2                                 x86_64            2.56.1-9.amzn2.0.1                   amzn2-core            2.4 M
 glibc                                 x86_64            2.26-48.amzn2                        amzn2-core            3.3 M
 glibc-all-langpacks                   x86_64            2.26-48.amzn2                        amzn2-core            7.0 M
 glibc-common                          x86_64            2.26-48.amzn2                        amzn2-core            770 k
 glibc-locale-source                   x86_64            2.26-48.amzn2                        amzn2-core            3.2 M
 glibc-minimal-langpack                x86_64            2.26-48.amzn2                        amzn2-core             30 k
 grub2-common                          noarch            1:2.06-2.amzn2.0.1                   amzn2-core            991 k
 grub2-pc-modules                      noarch            1:2.06-2.amzn2.0.1                   amzn2-core            961 k
 kernel-tools                          x86_64            4.14.238-182.422.amzn2               amzn2-core            146 k
 libcrypt                              x86_64            2.26-48.amzn2                        amzn2-core             50 k
 libcurl                               x86_64            7.61.1-12.amzn2.0.4                  amzn2-core            286 k
 libgcc                                x86_64            7.3.1-13.amzn2                       amzn2-core             98 k
 libgomp                               x86_64            7.3.1-13.amzn2                       amzn2-core            204 k
 libstdc++                             x86_64            7.3.1-13.amzn2                       amzn2-core            445 k
 libwebp                               x86_64            0.3.0-10.amzn2                       amzn2-core            170 k
 libxml2                               x86_64            2.9.1-6.amzn2.5.4                    amzn2-core            661 k
 libxml2-python                        x86_64            2.9.1-6.amzn2.5.4                    amzn2-core            246 k
 microcode_ctl                         x86_64            2:2.1-47.amzn2.0.9                   amzn2-core            271 k
 nss                                   x86_64            3.53.1-7.amzn2                       amzn2-core            860 k
 nss-sysinit                           x86_64            3.53.1-7.amzn2                       amzn2-core             66 k
 nss-tools                             x86_64            3.53.1-7.amzn2                       amzn2-core            531 k
 openldap                              x86_64            2.4.44-23.amzn2.0.1                  amzn2-core            350 k
 openssl                               x86_64            1:1.0.2k-19.amzn2.0.7                amzn2-core            495 k
 openssl-libs                          x86_64            1:1.0.2k-19.amzn2.0.7                amzn2-core            1.2 M
 perl-Git                              noarch            2.32.0-1.amzn2.0.1                   amzn2-core             43 k
 python                                x86_64            2.7.18-1.amzn2.0.4                   amzn2-core             93 k
 python-devel                          x86_64            2.7.18-1.amzn2.0.4                   amzn2-core            403 k
 python-libs                           x86_64            2.7.18-1.amzn2.0.4                   amzn2-core            7.5 M
 python-urllib3                        noarch            1.25.9-1.amzn2.0.2                   amzn2-core            191 k
 python2-rpm                           x86_64            4.11.3-40.amzn2.0.6                  amzn2-core             84 k
 python3                               x86_64            3.7.10-1.amzn2.0.1                   amzn2-core             72 k
 python3-libs                          x86_64            3.7.10-1.amzn2.0.1                   amzn2-core            9.2 M
 python3-pip                           noarch            20.2.2-1.amzn2.0.3                   amzn2-core            2.0 M
 rpm                                   x86_64            4.11.3-40.amzn2.0.6                  amzn2-core            1.2 M
 rpm-build-libs                        x86_64            4.11.3-40.amzn2.0.6                  amzn2-core            106 k
 rpm-libs                              x86_64            4.11.3-40.amzn2.0.6                  amzn2-core            275 k
 rpm-plugin-systemd-inhibit            x86_64            4.11.3-40.amzn2.0.6                  amzn2-core             47 k
 systemd                               x86_64            219-78.amzn2.0.14                    amzn2-core            5.0 M
 systemd-libs                          x86_64            219-78.amzn2.0.14                    amzn2-core            408 k
 systemd-sysv                          x86_64            219-78.amzn2.0.14                    amzn2-core             97 k
 systemtap-runtime                     x86_64            4.4-1.amzn2.0.1                      amzn2-core            473 k
 tzdata                                noarch            2021a-1.amzn2                        amzn2-core            483 k
 update-motd                           noarch            1.1.2-2.amzn2.0.2                    amzn2-core            9.4 k
Installing for dependencies:
 fuse-libs                             x86_64            2.9.2-11.amzn2                       amzn2-core             94 k

Transaction Summary
==========================================================================================================================
Install   7 Packages (+1 Dependent package)
Upgrade  64 Packages

Total download size: 116 M
Downloading packages:
Delta RPMs disabled because /usr/bin/applydeltarpm not installed.
(1/72): bind-export-libs-9.11.4-26.P2.amzn2.5.2.x86_64.rpm                                         | 1.1 MB  00:00:00
(2/72): bind-libs-9.11.4-26.P2.amzn2.5.2.x86_64.rpm                                                | 158 kB  00:00:00
(3/72): bind-libs-lite-9.11.4-26.P2.amzn2.5.2.x86_64.rpm                                           | 1.1 MB  00:00:00
(4/72): bind-license-9.11.4-26.P2.amzn2.5.2.noarch.rpm                                             |  91 kB  00:00:00
(5/72): bind-utils-9.11.4-26.P2.amzn2.5.2.x86_64.rpm                                               | 260 kB  00:00:00
(6/72): bzip2-1.0.6-13.amzn2.0.3.x86_64.rpm                                                        |  52 kB  00:00:00
(7/72): bzip2-libs-1.0.6-13.amzn2.0.3.x86_64.rpm                                                   |  40 kB  00:00:00
(8/72): chrony-4.0-3.amzn2.0.2.x86_64.rpm                                                          | 287 kB  00:00:00
(9/72): cloud-init-19.3-44.amzn2.noarch.rpm                                                        | 926 kB  00:00:00
(10/72): curl-7.61.1-12.amzn2.0.4.x86_64.rpm                                                       | 342 kB  00:00:00
(11/72): dhclient-4.2.5-77.amzn2.1.3.x86_64.rpm                                                    | 285 kB  00:00:00
(12/72): dhcp-common-4.2.5-77.amzn2.1.3.x86_64.rpm                                                 | 176 kB  00:00:00
(13/72): dhcp-libs-4.2.5-77.amzn2.1.3.x86_64.rpm                                                   | 132 kB  00:00:00
(14/72): dracut-033-535.amzn2.1.4.x86_64.rpm                                                       | 325 kB  00:00:00
(15/72): dracut-config-ec2-2.0-1.amzn2.noarch.rpm                                                  | 4.1 kB  00:00:00
(16/72): dracut-config-generic-033-535.amzn2.1.4.x86_64.rpm                                        |  57 kB  00:00:00
(17/72): amazon-ssm-agent-3.0.1124.0-1.amzn2.x86_64.rpm                                            |  25 MB  00:00:00
(18/72): emacs-filesystem-27.1-1.amzn2.0.1.noarch.rpm                                              |  64 kB  00:00:00
(19/72): fuse-libs-2.9.2-11.amzn2.x86_64.rpm                                                       |  94 kB  00:00:00
(20/72): git-2.32.0-1.amzn2.0.1.x86_64.rpm                                                         | 126 kB  00:00:00
(21/72): git-core-2.32.0-1.amzn2.0.1.x86_64.rpm                                                    | 4.8 MB  00:00:00
(22/72): git-core-doc-2.32.0-1.amzn2.0.1.noarch.rpm                                                | 2.7 MB  00:00:00
(23/72): glib2-2.56.1-9.amzn2.0.1.x86_64.rpm                                                       | 2.4 MB  00:00:00
(24/72): glibc-2.26-48.amzn2.x86_64.rpm                                                            | 3.3 MB  00:00:00
(25/72): glibc-common-2.26-48.amzn2.x86_64.rpm                                                     | 770 kB  00:00:00
(26/72): glibc-all-langpacks-2.26-48.amzn2.x86_64.rpm                                              | 7.0 MB  00:00:00
(27/72): glibc-locale-source-2.26-48.amzn2.x86_64.rpm                                              | 3.2 MB  00:00:00
(28/72): glibc-minimal-langpack-2.26-48.amzn2.x86_64.rpm                                           |  30 kB  00:00:00
(29/72): grub2-2.06-2.amzn2.0.1.x86_64.rpm                                                         |  44 kB  00:00:00
(30/72): grub2-pc-2.06-2.amzn2.0.1.x86_64.rpm                                                      |  43 kB  00:00:00
(31/72): grub2-common-2.06-2.amzn2.0.1.noarch.rpm                                                  | 991 kB  00:00:00
(32/72): grub2-pc-modules-2.06-2.amzn2.0.1.noarch.rpm                                              | 961 kB  00:00:00
(33/72): grub2-tools-efi-2.06-2.amzn2.0.1.x86_64.rpm                                               | 559 kB  00:00:00
(34/72): grub2-tools-2.06-2.amzn2.0.1.x86_64.rpm                                                   | 2.0 MB  00:00:00
(35/72): grub2-tools-extra-2.06-2.amzn2.0.1.x86_64.rpm                                             | 1.0 MB  00:00:00
(36/72): grub2-tools-minimal-2.06-2.amzn2.0.1.x86_64.rpm                                           | 622 kB  00:00:00
(37/72): kernel-tools-4.14.238-182.422.amzn2.x86_64.rpm                                            | 146 kB  00:00:00
(38/72): libcrypt-2.26-48.amzn2.x86_64.rpm                                                         |  50 kB  00:00:00
(39/72): libcurl-7.61.1-12.amzn2.0.4.x86_64.rpm                                                    | 286 kB  00:00:00
(40/72): libgcc-7.3.1-13.amzn2.x86_64.rpm                                                          |  98 kB  00:00:00
(41/72): libgomp-7.3.1-13.amzn2.x86_64.rpm                                                         | 204 kB  00:00:00
(42/72): libstdc++-7.3.1-13.amzn2.x86_64.rpm                                                       | 445 kB  00:00:00
(43/72): libwebp-0.3.0-10.amzn2.x86_64.rpm                                                         | 170 kB  00:00:00
(44/72): libxml2-2.9.1-6.amzn2.5.4.x86_64.rpm                                                      | 661 kB  00:00:00
(45/72): libxml2-python-2.9.1-6.amzn2.5.4.x86_64.rpm                                               | 246 kB  00:00:00
(46/72): microcode_ctl-2.1-47.amzn2.0.9.x86_64.rpm                                                 | 271 kB  00:00:00
(47/72): kernel-4.14.238-182.422.amzn2.x86_64.rpm                                                  |  21 MB  00:00:00
(48/72): nss-3.53.1-7.amzn2.x86_64.rpm                                                             | 860 kB  00:00:00
(49/72): nss-sysinit-3.53.1-7.amzn2.x86_64.rpm                                                     |  66 kB  00:00:00
(50/72): nss-tools-3.53.1-7.amzn2.x86_64.rpm                                                       | 531 kB  00:00:00
(51/72): openldap-2.4.44-23.amzn2.0.1.x86_64.rpm                                                   | 350 kB  00:00:00
(52/72): openssl-1.0.2k-19.amzn2.0.7.x86_64.rpm                                                    | 495 kB  00:00:00
(53/72): openssl-libs-1.0.2k-19.amzn2.0.7.x86_64.rpm                                               | 1.2 MB  00:00:00
(54/72): perl-Git-2.32.0-1.amzn2.0.1.noarch.rpm                                                    |  43 kB  00:00:00
(55/72): python-2.7.18-1.amzn2.0.4.x86_64.rpm                                                      |  93 kB  00:00:00
(56/72): python-devel-2.7.18-1.amzn2.0.4.x86_64.rpm                                                | 403 kB  00:00:00
(57/72): python-urllib3-1.25.9-1.amzn2.0.2.noarch.rpm                                              | 191 kB  00:00:00
(58/72): python2-rpm-4.11.3-40.amzn2.0.6.x86_64.rpm                                                |  84 kB  00:00:00
(59/72): python3-3.7.10-1.amzn2.0.1.x86_64.rpm                                                     |  72 kB  00:00:00
(60/72): python-libs-2.7.18-1.amzn2.0.4.x86_64.rpm                                                 | 7.5 MB  00:00:00
(61/72): python3-libs-3.7.10-1.amzn2.0.1.x86_64.rpm                                                | 9.2 MB  00:00:00
(62/72): python3-pip-20.2.2-1.amzn2.0.3.noarch.rpm                                                 | 2.0 MB  00:00:00
(63/72): rpm-4.11.3-40.amzn2.0.6.x86_64.rpm                                                        | 1.2 MB  00:00:00
(64/72): rpm-build-libs-4.11.3-40.amzn2.0.6.x86_64.rpm                                             | 106 kB  00:00:00
(65/72): rpm-libs-4.11.3-40.amzn2.0.6.x86_64.rpm                                                   | 275 kB  00:00:00
(66/72): rpm-plugin-systemd-inhibit-4.11.3-40.amzn2.0.6.x86_64.rpm                                 |  47 kB  00:00:00
(67/72): systemd-219-78.amzn2.0.14.x86_64.rpm                                                      | 5.0 MB  00:00:00
(68/72): systemd-sysv-219-78.amzn2.0.14.x86_64.rpm                                                 |  97 kB  00:00:00
(69/72): systemd-libs-219-78.amzn2.0.14.x86_64.rpm                                                 | 408 kB  00:00:00
(70/72): systemtap-runtime-4.4-1.amzn2.0.1.x86_64.rpm                                              | 473 kB  00:00:00
(71/72): tzdata-2021a-1.amzn2.noarch.rpm                                                           | 483 kB  00:00:00
(72/72): update-motd-1.1.2-2.amzn2.0.2.noarch.rpm                                                  | 9.4 kB  00:00:00
--------------------------------------------------------------------------------------------------------------------------
Total                                                                                      64 MB/s | 116 MB  00:00:01
Running transaction check
Running transaction test
Transaction test succeeded
Running transaction
  Updating   : 1:grub2-common-2.06-2.amzn2.0.1.noarch                                                               1/141
warning: /boot/grub2/grubenv created as /boot/grub2/grubenv.rpmnew
  Updating   : 32:bind-license-9.11.4-26.P2.amzn2.5.2.noarch                                                        2/141
  Updating   : 1:grub2-pc-modules-2.06-2.amzn2.0.1.noarch                                                           3/141
  Updating   : tzdata-2021a-1.amzn2.noarch                                                                          4/141
  Updating   : glibc-2.26-48.amzn2.x86_64                                                                           5/141
  Updating   : glibc-common-2.26-48.amzn2.x86_64                                                                    6/141
  Updating   : glibc-minimal-langpack-2.26-48.amzn2.x86_64                                                          7/141
  Updating   : 1:openssl-libs-1.0.2k-19.amzn2.0.7.x86_64                                                            8/141
  Updating   : nss-sysinit-3.53.1-7.amzn2.x86_64                                                                    9/141
  Updating   : nss-3.53.1-7.amzn2.x86_64                                                                           10/141
  Updating   : bzip2-libs-1.0.6-13.amzn2.0.3.x86_64                                                                11/141
  Updating   : libgcc-7.3.1-13.amzn2.x86_64                                                                        12/141
  Updating   : libcrypt-2.26-48.amzn2.x86_64                                                                       13/141
  Updating   : python-libs-2.7.18-1.amzn2.0.4.x86_64                                                               14/141
  Updating   : python-2.7.18-1.amzn2.0.4.x86_64                                                                    15/141
  Updating   : libxml2-2.9.1-6.amzn2.5.4.x86_64                                                                    16/141
  Updating   : systemd-libs-219-78.amzn2.0.14.x86_64                                                               17/141
  Updating   : 32:bind-libs-lite-9.11.4-26.P2.amzn2.5.2.x86_64                                                     18/141
  Updating   : 32:bind-libs-9.11.4-26.P2.amzn2.5.2.x86_64                                                          19/141
  Updating   : python-devel-2.7.18-1.amzn2.0.4.x86_64                                                              20/141
  Updating   : python3-pip-20.2.2-1.amzn2.0.3.noarch                                                               21/141
  Updating   : python3-libs-3.7.10-1.amzn2.0.1.x86_64                                                              22/141
  Updating   : python3-3.7.10-1.amzn2.0.1.x86_64                                                                   23/141
  Updating   : libstdc++-7.3.1-13.amzn2.x86_64                                                                     24/141
  Updating   : nss-tools-3.53.1-7.amzn2.x86_64                                                                     25/141
  Updating   : libcurl-7.61.1-12.amzn2.0.4.x86_64                                                                  26/141
  Updating   : curl-7.61.1-12.amzn2.0.4.x86_64                                                                     27/141
  Updating   : rpm-libs-4.11.3-40.amzn2.0.6.x86_64                                                                 28/141
  Updating   : rpm-4.11.3-40.amzn2.0.6.x86_64                                                                      29/141
  Updating   : openldap-2.4.44-23.amzn2.0.1.x86_64                                                                 30/141
  Updating   : systemd-219-78.amzn2.0.14.x86_64                                                                    31/141
  Updating   : dracut-033-535.amzn2.1.4.x86_64                                                                     32/141
  Updating   : 12:dhcp-libs-4.2.5-77.amzn2.1.3.x86_64                                                              33/141
  Updating   : git-core-2.32.0-1.amzn2.0.1.x86_64                                                                  34/141
  Updating   : git-core-doc-2.32.0-1.amzn2.0.1.noarch                                                              35/141
  Updating   : 12:dhcp-common-4.2.5-77.amzn2.1.3.x86_64                                                            36/141
  Installing : 1:grub2-tools-2.06-2.amzn2.0.1.x86_64                                                               37/141
  Updating   : 2:microcode_ctl-2.1-47.amzn2.0.9.x86_64                                                             38/141
  Updating   : rpm-build-libs-4.11.3-40.amzn2.0.6.x86_64                                                           39/141
  Updating   : 32:bind-export-libs-9.11.4-26.P2.amzn2.5.2.x86_64                                                   40/141
  Installing : fuse-libs-2.9.2-11.amzn2.x86_64                                                                     41/141
  Installing : 1:grub2-tools-minimal-2.06-2.amzn2.0.1.x86_64                                                       42/141
  Installing : 1:grub2-pc-2.06-2.amzn2.0.1.x86_64                                                                  43/141
  Updating   : 1:emacs-filesystem-27.1-1.amzn2.0.1.noarch                                                          44/141
  Updating   : perl-Git-2.32.0-1.amzn2.0.1.noarch                                                                  45/141
  Updating   : git-2.32.0-1.amzn2.0.1.x86_64                                                                       46/141
  Installing : 1:grub2-2.06-2.amzn2.0.1.x86_64                                                                     47/141
  Installing : 1:grub2-tools-extra-2.06-2.amzn2.0.1.x86_64                                                         48/141
  Updating   : 12:dhclient-4.2.5-77.amzn2.1.3.x86_64                                                               49/141
  Updating   : python2-rpm-4.11.3-40.amzn2.0.6.x86_64                                                              50/141
  Installing : kernel-4.14.238-182.422.amzn2.x86_64                                                                51/141
  Updating   : dracut-config-generic-033-535.amzn2.1.4.x86_64                                                      52/141
  Updating   : dracut-config-ec2-2.0-1.amzn2.noarch                                                                53/141
  Updating   : systemd-sysv-219-78.amzn2.0.14.x86_64                                                               54/141
  Updating   : amazon-ssm-agent-3.0.1124.0-1.amzn2.x86_64                                                          55/141
  Updating   : chrony-4.0-3.amzn2.0.2.x86_64                                                                       56/141
  Updating   : update-motd-1.1.2-2.amzn2.0.2.noarch                                                                57/141
  Updating   : cloud-init-19.3-44.amzn2.noarch                                                                     58/141
  Updating   : rpm-plugin-systemd-inhibit-4.11.3-40.amzn2.0.6.x86_64                                               59/141
  Updating   : systemtap-runtime-4.4-1.amzn2.0.1.x86_64                                                            60/141
  Updating   : 32:bind-utils-9.11.4-26.P2.amzn2.5.2.x86_64                                                         61/141
  Updating   : libxml2-python-2.9.1-6.amzn2.5.4.x86_64                                                             62/141
  Updating   : python-urllib3-1.25.9-1.amzn2.0.2.noarch                                                            63/141
  Updating   : glib2-2.56.1-9.amzn2.0.1.x86_64                                                                     64/141
  Updating   : bzip2-1.0.6-13.amzn2.0.3.x86_64                                                                     65/141
  Updating   : 1:openssl-1.0.2k-19.amzn2.0.7.x86_64                                                                66/141
  Updating   : glibc-locale-source-2.26-48.amzn2.x86_64                                                            67/141
  Updating   : glibc-all-langpacks-2.26-48.amzn2.x86_64                                                            68/141
  Updating   : libwebp-0.3.0-10.amzn2.x86_64                                                                       69/141
  Updating   : libgomp-7.3.1-13.amzn2.x86_64                                                                       70/141
  Updating   : kernel-tools-4.14.238-182.422.amzn2.x86_64                                                          71/141
  Installing : 1:grub2-tools-efi-2.06-2.amzn2.0.1.x86_64                                                           72/141
  Cleanup    : 12:dhclient-4.2.5-77.amzn2.1.1.x86_64                                                               73/141
  Cleanup    : python2-rpm-4.11.3-40.amzn2.0.5.x86_64                                                              74/141
  Cleanup    : 32:bind-utils-9.11.4-26.P2.amzn2.5.x86_64                                                           75/141
  Cleanup    : 32:bind-libs-9.11.4-26.P2.amzn2.5.x86_64                                                            76/141
  Cleanup    : perl-Git-2.23.4-1.amzn2.0.1.noarch                                                                  77/141
  Cleanup    : git-2.23.4-1.amzn2.0.1.x86_64                                                                       78/141
  Cleanup    : systemtap-runtime-4.2-1.amzn2.0.1.x86_64                                                            79/141
  Cleanup    : 32:bind-libs-lite-9.11.4-26.P2.amzn2.5.x86_64                                                       80/141
  Cleanup    : rpm-build-libs-4.11.3-40.amzn2.0.5.x86_64                                                           81/141
  Cleanup    : libxml2-python-2.9.1-6.amzn2.5.1.x86_64                                                             82/141
  Cleanup    : cloud-init-19.3-43.amzn2.noarch                                                                     83/141
  Cleanup    : python-devel-2.7.18-1.amzn2.0.3.x86_64                                                              84/141
  Cleanup    : glibc-all-langpacks-2.26-45.amzn2.x86_64                                                            85/141
  Cleanup    : glibc-locale-source-2.26-45.amzn2.x86_64                                                            86/141
  Cleanup    : systemd-sysv-219-57.amzn2.0.12.x86_64                                                               87/141
  Cleanup    : rpm-plugin-systemd-inhibit-4.11.3-40.amzn2.0.5.x86_64                                               88/141
  Cleanup    : 1:openssl-1.0.2k-19.amzn2.0.6.x86_64                                                                89/141
  Cleanup    : libstdc++-7.3.1-12.amzn2.x86_64                                                                     90/141
  Cleanup    : glib2-2.56.1-7.amzn2.0.1.x86_64                                                                     91/141
  Cleanup    : 32:bind-export-libs-9.11.4-26.P2.amzn2.5.x86_64                                                     92/141
  Cleanup    : 2:microcode_ctl-2.1-47.amzn2.0.7.x86_64                                                             93/141
  Cleanup    : chrony-4.0-3.amzn2.0.1.x86_64                                                                       94/141
  Cleanup    : bzip2-1.0.6-13.amzn2.0.2.x86_64                                                                     95/141
  Cleanup    : git-core-doc-2.23.4-1.amzn2.0.1.noarch                                                              96/141
  Cleanup    : 12:dhcp-common-4.2.5-77.amzn2.1.1.x86_64                                                            97/141
  Cleanup    : 12:dhcp-libs-4.2.5-77.amzn2.1.1.x86_64                                                              98/141
  Cleanup    : python3-libs-3.7.9-1.amzn2.0.3.x86_64                                                               99/141
  Cleanup    : python3-3.7.9-1.amzn2.0.3.x86_64                                                                   100/141
  Cleanup    : python3-pip-20.2.2-1.amzn2.0.2.noarch                                                              101/141
  Cleanup    : dracut-config-ec2-1.0-1.amzn2.noarch                                                               102/141
  Cleanup    : python-urllib3-1.25.7-1.amzn2.0.1.noarch                                                           103/141
  Cleanup    : 1:grub2-2.02-35.amzn2.0.4.x86_64                                                                   104/141
  Cleanup    : 1:grub2-pc-2.02-35.amzn2.0.4.x86_64                                                                105/141
  Cleanup    : 1:grub2-pc-modules-2.02-35.amzn2.0.4.noarch                                                        106/141
  Cleanup    : update-motd-1.1.2-2.amzn2.noarch                                                                   107/141
  Cleanup    : dracut-config-generic-033-535.amzn2.1.3.x86_64                                                     108/141
  Cleanup    : amazon-ssm-agent-3.0.529.0-1.amzn2.x86_64                                                          109/141
  Cleanup    : git-core-2.23.4-1.amzn2.0.1.x86_64                                                                 110/141
  Cleanup    : python-2.7.18-1.amzn2.0.3.x86_64                                                                   111/141
  Cleanup    : python-libs-2.7.18-1.amzn2.0.3.x86_64                                                              112/141
  Cleanup    : 1:grub2-tools-extra-2.02-35.amzn2.0.4.x86_64                                                       113/141
  Cleanup    : 1:grub2-tools-2.02-35.amzn2.0.4.x86_64                                                             114/141
  Cleanup    : dracut-033-535.amzn2.1.3.x86_64                                                                    115/141
  Cleanup    : systemd-219-57.amzn2.0.12.x86_64                                                                   116/141
  Cleanup    : openldap-2.4.44-23.amzn2.x86_64                                                                    117/141
  Cleanup    : libcurl-7.61.1-12.amzn2.0.2.x86_64                                                                 118/141
  Cleanup    : curl-7.61.1-12.amzn2.0.2.x86_64                                                                    119/141
  Cleanup    : rpm-4.11.3-40.amzn2.0.5.x86_64                                                                     120/141
  Cleanup    : rpm-libs-4.11.3-40.amzn2.0.5.x86_64                                                                121/141
  Cleanup    : nss-tools-3.53.1-3.amzn2.x86_64                                                                    122/141
  Cleanup    : nss-sysinit-3.53.1-3.amzn2.x86_64                                                                  123/141
  Cleanup    : nss-3.53.1-3.amzn2.x86_64                                                                          124/141
  Cleanup    : systemd-libs-219-57.amzn2.0.12.x86_64                                                              125/141
  Cleanup    : 1:grub2-tools-minimal-2.02-35.amzn2.0.4.x86_64                                                     126/141
  Cleanup    : libgcc-7.3.1-12.amzn2.x86_64                                                                       127/141
  Cleanup    : bzip2-libs-1.0.6-13.amzn2.0.2.x86_64                                                               128/141
  Cleanup    : 1:openssl-libs-1.0.2k-19.amzn2.0.6.x86_64                                                          129/141
  Cleanup    : libcrypt-2.26-45.amzn2.x86_64                                                                      130/141
  Cleanup    : libxml2-2.9.1-6.amzn2.5.1.x86_64                                                                   131/141
  Cleanup    : kernel-tools-4.14.232-176.381.amzn2.x86_64                                                         132/141
  Cleanup    : libgomp-7.3.1-12.amzn2.x86_64                                                                      133/141
  Cleanup    : libwebp-0.3.0-7.amzn2.x86_64                                                                       134/141
  Cleanup    : 1:grub2-common-2.02-35.amzn2.0.4.noarch                                                            135/141
  Cleanup    : 32:bind-license-9.11.4-26.P2.amzn2.5.noarch                                                        136/141
  Cleanup    : 1:emacs-filesystem-25.3-3.amzn2.0.2.noarch                                                         137/141
  Cleanup    : glibc-common-2.26-45.amzn2.x86_64                                                                  138/141
  Cleanup    : glibc-minimal-langpack-2.26-45.amzn2.x86_64                                                        139/141
  Cleanup    : glibc-2.26-45.amzn2.x86_64                                                                         140/141
  Cleanup    : tzdata-2020d-2.amzn2.noarch                                                                        141/141
/sbin/dracut: line 655: warning: setlocale: LC_MESSAGES: cannot change locale (en_US.UTF-8): No such file or directory
/sbin/dracut: line 656: warning: setlocale: LC_CTYPE: cannot change locale (en_US.UTF-8): No such file or directory
/sbin/dracut: line 655: warning: setlocale: LC_MESSAGES: cannot change locale (en_US.UTF-8): No such file or directory
/sbin/dracut: line 656: warning: setlocale: LC_CTYPE: cannot change locale (en_US.UTF-8): No such file or directory
  Verifying  : 32:bind-export-libs-9.11.4-26.P2.amzn2.5.2.x86_64                                                    1/141
  Verifying  : libxml2-python-2.9.1-6.amzn2.5.4.x86_64                                                              2/141
  Verifying  : libwebp-0.3.0-10.amzn2.x86_64                                                                        3/141
  Verifying  : glib2-2.56.1-9.amzn2.0.1.x86_64                                                                      4/141
  Verifying  : libgomp-7.3.1-13.amzn2.x86_64                                                                        5/141
  Verifying  : nss-3.53.1-7.amzn2.x86_64                                                                            6/141
  Verifying  : systemtap-runtime-4.4-1.amzn2.0.1.x86_64                                                             7/141
  Verifying  : 1:grub2-tools-minimal-2.06-2.amzn2.0.1.x86_64                                                        8/141
  Verifying  : glibc-common-2.26-48.amzn2.x86_64                                                                    9/141
  Verifying  : curl-7.61.1-12.amzn2.0.4.x86_64                                                                     10/141
  Verifying  : 1:grub2-tools-extra-2.06-2.amzn2.0.1.x86_64                                                         11/141
  Verifying  : bzip2-1.0.6-13.amzn2.0.3.x86_64                                                                     12/141
  Verifying  : libcurl-7.61.1-12.amzn2.0.4.x86_64                                                                  13/141
  Verifying  : git-2.32.0-1.amzn2.0.1.x86_64                                                                       14/141
  Verifying  : 12:dhcp-libs-4.2.5-77.amzn2.1.3.x86_64                                                              15/141
  Verifying  : 1:emacs-filesystem-27.1-1.amzn2.0.1.noarch                                                          16/141
  Verifying  : tzdata-2021a-1.amzn2.noarch                                                                         17/141
  Verifying  : bzip2-libs-1.0.6-13.amzn2.0.3.x86_64                                                                18/141
  Verifying  : python-devel-2.7.18-1.amzn2.0.4.x86_64                                                              19/141
  Verifying  : 32:bind-libs-9.11.4-26.P2.amzn2.5.2.x86_64                                                          20/141
  Verifying  : 1:grub2-tools-2.06-2.amzn2.0.1.x86_64                                                               21/141
  Verifying  : rpm-4.11.3-40.amzn2.0.6.x86_64                                                                      22/141
  Verifying  : glibc-2.26-48.amzn2.x86_64                                                                          23/141
  Verifying  : 1:openssl-libs-1.0.2k-19.amzn2.0.7.x86_64                                                           24/141
  Verifying  : systemd-sysv-219-78.amzn2.0.14.x86_64                                                               25/141
  Verifying  : amazon-ssm-agent-3.0.1124.0-1.amzn2.x86_64                                                          26/141
  Verifying  : dracut-config-generic-033-535.amzn2.1.4.x86_64                                                      27/141
  Verifying  : 12:dhclient-4.2.5-77.amzn2.1.3.x86_64                                                               28/141
  Verifying  : fuse-libs-2.9.2-11.amzn2.x86_64                                                                     29/141
  Verifying  : 1:openssl-1.0.2k-19.amzn2.0.7.x86_64                                                                30/141
  Verifying  : systemd-libs-219-78.amzn2.0.14.x86_64                                                               31/141
  Verifying  : 1:grub2-pc-modules-2.06-2.amzn2.0.1.noarch                                                          32/141
  Verifying  : 12:dhcp-common-4.2.5-77.amzn2.1.3.x86_64                                                            33/141
  Verifying  : kernel-4.14.238-182.422.amzn2.x86_64                                                                34/141
  Verifying  : chrony-4.0-3.amzn2.0.2.x86_64                                                                       35/141
  Verifying  : update-motd-1.1.2-2.amzn2.0.2.noarch                                                                36/141
  Verifying  : openldap-2.4.44-23.amzn2.0.1.x86_64                                                                 37/141
  Verifying  : kernel-tools-4.14.238-182.422.amzn2.x86_64                                                          38/141
  Verifying  : 2:microcode_ctl-2.1-47.amzn2.0.9.x86_64                                                             39/141
  Verifying  : libgcc-7.3.1-13.amzn2.x86_64                                                                        40/141
  Verifying  : git-core-doc-2.32.0-1.amzn2.0.1.noarch                                                              41/141
  Verifying  : libcrypt-2.26-48.amzn2.x86_64                                                                       42/141
  Verifying  : python3-pip-20.2.2-1.amzn2.0.3.noarch                                                               43/141
  Verifying  : nss-tools-3.53.1-7.amzn2.x86_64                                                                     44/141
  Verifying  : libstdc++-7.3.1-13.amzn2.x86_64                                                                     45/141
  Verifying  : 32:bind-utils-9.11.4-26.P2.amzn2.5.2.x86_64                                                         46/141
  Verifying  : systemd-219-78.amzn2.0.14.x86_64                                                                    47/141
  Verifying  : 1:grub2-pc-2.06-2.amzn2.0.1.x86_64                                                                  48/141
  Verifying  : dracut-033-535.amzn2.1.4.x86_64                                                                     49/141
  Verifying  : rpm-plugin-systemd-inhibit-4.11.3-40.amzn2.0.6.x86_64                                               50/141
  Verifying  : python2-rpm-4.11.3-40.amzn2.0.6.x86_64                                                              51/141
  Verifying  : libxml2-2.9.1-6.amzn2.5.4.x86_64                                                                    52/141
  Verifying  : rpm-libs-4.11.3-40.amzn2.0.6.x86_64                                                                 53/141
  Verifying  : python-2.7.18-1.amzn2.0.4.x86_64                                                                    54/141
  Verifying  : 32:bind-license-9.11.4-26.P2.amzn2.5.2.noarch                                                       55/141
  Verifying  : nss-sysinit-3.53.1-7.amzn2.x86_64                                                                   56/141
  Verifying  : 1:grub2-common-2.06-2.amzn2.0.1.noarch                                                              57/141
  Verifying  : python-urllib3-1.25.9-1.amzn2.0.2.noarch                                                            58/141
  Verifying  : glibc-minimal-langpack-2.26-48.amzn2.x86_64                                                         59/141
  Verifying  : dracut-config-ec2-2.0-1.amzn2.noarch                                                                60/141
  Verifying  : rpm-build-libs-4.11.3-40.amzn2.0.6.x86_64                                                           61/141
  Verifying  : 32:bind-libs-lite-9.11.4-26.P2.amzn2.5.2.x86_64                                                     62/141
  Verifying  : git-core-2.32.0-1.amzn2.0.1.x86_64                                                                  63/141
  Verifying  : 1:grub2-2.06-2.amzn2.0.1.x86_64                                                                     64/141
  Verifying  : glibc-locale-source-2.26-48.amzn2.x86_64                                                            65/141
  Verifying  : glibc-all-langpacks-2.26-48.amzn2.x86_64                                                            66/141
  Verifying  : perl-Git-2.32.0-1.amzn2.0.1.noarch                                                                  67/141
  Verifying  : python-libs-2.7.18-1.amzn2.0.4.x86_64                                                               68/141
  Verifying  : cloud-init-19.3-44.amzn2.noarch                                                                     69/141
  Verifying  : 1:grub2-tools-efi-2.06-2.amzn2.0.1.x86_64                                                           70/141
  Verifying  : python3-libs-3.7.10-1.amzn2.0.1.x86_64                                                              71/141
  Verifying  : python3-3.7.10-1.amzn2.0.1.x86_64                                                                   72/141
  Verifying  : libcurl-7.61.1-12.amzn2.0.2.x86_64                                                                  73/141
  Verifying  : python-libs-2.7.18-1.amzn2.0.3.x86_64                                                               74/141
  Verifying  : git-core-2.23.4-1.amzn2.0.1.x86_64                                                                  75/141
  Verifying  : 1:grub2-tools-2.02-35.amzn2.0.4.x86_64                                                              76/141
  Verifying  : systemd-sysv-219-57.amzn2.0.12.x86_64                                                               77/141
  Verifying  : python3-3.7.9-1.amzn2.0.3.x86_64                                                                    78/141
  Verifying  : 1:grub2-tools-minimal-2.02-35.amzn2.0.4.x86_64                                                      79/141
  Verifying  : glibc-locale-source-2.26-45.amzn2.x86_64                                                            80/141
  Verifying  : systemd-219-57.amzn2.0.12.x86_64                                                                    81/141
  Verifying  : rpm-4.11.3-40.amzn2.0.5.x86_64                                                                      82/141
  Verifying  : libxml2-2.9.1-6.amzn2.5.1.x86_64                                                                    83/141
  Verifying  : 1:grub2-2.02-35.amzn2.0.4.x86_64                                                                    84/141
  Verifying  : cloud-init-19.3-43.amzn2.noarch                                                                     85/141
  Verifying  : 32:bind-libs-lite-9.11.4-26.P2.amzn2.5.x86_64                                                       86/141
  Verifying  : libgomp-7.3.1-12.amzn2.x86_64                                                                       87/141
  Verifying  : 32:bind-license-9.11.4-26.P2.amzn2.5.noarch                                                         88/141
  Verifying  : perl-Git-2.23.4-1.amzn2.0.1.noarch                                                                  89/141
  Verifying  : glibc-2.26-45.amzn2.x86_64                                                                          90/141
  Verifying  : python-devel-2.7.18-1.amzn2.0.3.x86_64                                                              91/141
  Verifying  : libwebp-0.3.0-7.amzn2.x86_64                                                                        92/141
  Verifying  : update-motd-1.1.2-2.amzn2.noarch                                                                    93/141
  Verifying  : amazon-ssm-agent-3.0.529.0-1.amzn2.x86_64                                                           94/141
  Verifying  : 1:grub2-pc-2.02-35.amzn2.0.4.x86_64                                                                 95/141
  Verifying  : libstdc++-7.3.1-12.amzn2.x86_64                                                                     96/141
  Verifying  : bzip2-1.0.6-13.amzn2.0.2.x86_64                                                                     97/141
  Verifying  : glibc-all-langpacks-2.26-45.amzn2.x86_64                                                            98/141
  Verifying  : 32:bind-libs-9.11.4-26.P2.amzn2.5.x86_64                                                            99/141
  Verifying  : systemd-libs-219-57.amzn2.0.12.x86_64                                                              100/141
  Verifying  : 1:grub2-common-2.02-35.amzn2.0.4.noarch                                                            101/141
  Verifying  : bzip2-libs-1.0.6-13.amzn2.0.2.x86_64                                                               102/141
  Verifying  : 32:bind-utils-9.11.4-26.P2.amzn2.5.x86_64                                                          103/141
  Verifying  : systemtap-runtime-4.2-1.amzn2.0.1.x86_64                                                           104/141
  Verifying  : nss-tools-3.53.1-3.amzn2.x86_64                                                                    105/141
  Verifying  : 1:grub2-pc-modules-2.02-35.amzn2.0.4.noarch                                                        106/141
  Verifying  : 1:openssl-libs-1.0.2k-19.amzn2.0.6.x86_64                                                          107/141
  Verifying  : 32:bind-export-libs-9.11.4-26.P2.amzn2.5.x86_64                                                    108/141
  Verifying  : 12:dhcp-libs-4.2.5-77.amzn2.1.1.x86_64                                                             109/141
  Verifying  : openldap-2.4.44-23.amzn2.x86_64                                                                    110/141
  Verifying  : 2:microcode_ctl-2.1-47.amzn2.0.7.x86_64                                                            111/141
  Verifying  : 1:openssl-1.0.2k-19.amzn2.0.6.x86_64                                                               112/141
  Verifying  : glibc-minimal-langpack-2.26-45.amzn2.x86_64                                                        113/141
  Verifying  : glibc-common-2.26-45.amzn2.x86_64                                                                  114/141
  Verifying  : git-2.23.4-1.amzn2.0.1.x86_64                                                                      115/141
  Verifying  : python3-libs-3.7.9-1.amzn2.0.3.x86_64                                                              116/141
  Verifying  : rpm-libs-4.11.3-40.amzn2.0.5.x86_64                                                                117/141
  Verifying  : 1:emacs-filesystem-25.3-3.amzn2.0.2.noarch                                                         118/141
  Verifying  : chrony-4.0-3.amzn2.0.1.x86_64                                                                      119/141
  Verifying  : dracut-033-535.amzn2.1.3.x86_64                                                                    120/141
  Verifying  : python3-pip-20.2.2-1.amzn2.0.2.noarch                                                              121/141
  Verifying  : python-2.7.18-1.amzn2.0.3.x86_64                                                                   122/141
  Verifying  : 12:dhcp-common-4.2.5-77.amzn2.1.1.x86_64                                                           123/141
  Verifying  : glib2-2.56.1-7.amzn2.0.1.x86_64                                                                    124/141
  Verifying  : 12:dhclient-4.2.5-77.amzn2.1.1.x86_64                                                              125/141
  Verifying  : dracut-config-generic-033-535.amzn2.1.3.x86_64                                                     126/141
  Verifying  : libgcc-7.3.1-12.amzn2.x86_64                                                                       127/141
  Verifying  : python-urllib3-1.25.7-1.amzn2.0.1.noarch                                                           128/141
  Verifying  : 1:grub2-tools-extra-2.02-35.amzn2.0.4.x86_64                                                       129/141
  Verifying  : rpm-plugin-systemd-inhibit-4.11.3-40.amzn2.0.5.x86_64                                              130/141
  Verifying  : python2-rpm-4.11.3-40.amzn2.0.5.x86_64                                                             131/141
  Verifying  : dracut-config-ec2-1.0-1.amzn2.noarch                                                               132/141
  Verifying  : curl-7.61.1-12.amzn2.0.2.x86_64                                                                    133/141
  Verifying  : nss-sysinit-3.53.1-3.amzn2.x86_64                                                                  134/141
  Verifying  : libcrypt-2.26-45.amzn2.x86_64                                                                      135/141
  Verifying  : libxml2-python-2.9.1-6.amzn2.5.1.x86_64                                                            136/141
  Verifying  : git-core-doc-2.23.4-1.amzn2.0.1.noarch                                                             137/141
  Verifying  : nss-3.53.1-3.amzn2.x86_64                                                                          138/141
  Verifying  : rpm-build-libs-4.11.3-40.amzn2.0.5.x86_64                                                          139/141
  Verifying  : tzdata-2020d-2.amzn2.noarch                                                                        140/141
  Verifying  : kernel-tools-4.14.232-176.381.amzn2.x86_64                                                         141/141

Installed:
  grub2.x86_64 1:2.06-2.amzn2.0.1                            grub2-pc.x86_64 1:2.06-2.amzn2.0.1
  grub2-tools.x86_64 1:2.06-2.amzn2.0.1                      grub2-tools-efi.x86_64 1:2.06-2.amzn2.0.1
  grub2-tools-extra.x86_64 1:2.06-2.amzn2.0.1                grub2-tools-minimal.x86_64 1:2.06-2.amzn2.0.1
  kernel.x86_64 0:4.14.238-182.422.amzn2

Dependency Installed:
  fuse-libs.x86_64 0:2.9.2-11.amzn2

Updated:
  amazon-ssm-agent.x86_64 0:3.0.1124.0-1.amzn2             bind-export-libs.x86_64 32:9.11.4-26.P2.amzn2.5.2
  bind-libs.x86_64 32:9.11.4-26.P2.amzn2.5.2               bind-libs-lite.x86_64 32:9.11.4-26.P2.amzn2.5.2
  bind-license.noarch 32:9.11.4-26.P2.amzn2.5.2            bind-utils.x86_64 32:9.11.4-26.P2.amzn2.5.2
  bzip2.x86_64 0:1.0.6-13.amzn2.0.3                        bzip2-libs.x86_64 0:1.0.6-13.amzn2.0.3
  chrony.x86_64 0:4.0-3.amzn2.0.2                          cloud-init.noarch 0:19.3-44.amzn2
  curl.x86_64 0:7.61.1-12.amzn2.0.4                        dhclient.x86_64 12:4.2.5-77.amzn2.1.3
  dhcp-common.x86_64 12:4.2.5-77.amzn2.1.3                 dhcp-libs.x86_64 12:4.2.5-77.amzn2.1.3
  dracut.x86_64 0:033-535.amzn2.1.4                        dracut-config-ec2.noarch 0:2.0-1.amzn2
  dracut-config-generic.x86_64 0:033-535.amzn2.1.4         emacs-filesystem.noarch 1:27.1-1.amzn2.0.1
  git.x86_64 0:2.32.0-1.amzn2.0.1                          git-core.x86_64 0:2.32.0-1.amzn2.0.1
  git-core-doc.noarch 0:2.32.0-1.amzn2.0.1                 glib2.x86_64 0:2.56.1-9.amzn2.0.1
  glibc.x86_64 0:2.26-48.amzn2                             glibc-all-langpacks.x86_64 0:2.26-48.amzn2
  glibc-common.x86_64 0:2.26-48.amzn2                      glibc-locale-source.x86_64 0:2.26-48.amzn2
  glibc-minimal-langpack.x86_64 0:2.26-48.amzn2            grub2-common.noarch 1:2.06-2.amzn2.0.1
  grub2-pc-modules.noarch 1:2.06-2.amzn2.0.1               kernel-tools.x86_64 0:4.14.238-182.422.amzn2
  libcrypt.x86_64 0:2.26-48.amzn2                          libcurl.x86_64 0:7.61.1-12.amzn2.0.4
  libgcc.x86_64 0:7.3.1-13.amzn2                           libgomp.x86_64 0:7.3.1-13.amzn2
  libstdc++.x86_64 0:7.3.1-13.amzn2                        libwebp.x86_64 0:0.3.0-10.amzn2
  libxml2.x86_64 0:2.9.1-6.amzn2.5.4                       libxml2-python.x86_64 0:2.9.1-6.amzn2.5.4
  microcode_ctl.x86_64 2:2.1-47.amzn2.0.9                  nss.x86_64 0:3.53.1-7.amzn2
  nss-sysinit.x86_64 0:3.53.1-7.amzn2                      nss-tools.x86_64 0:3.53.1-7.amzn2
  openldap.x86_64 0:2.4.44-23.amzn2.0.1                    openssl.x86_64 1:1.0.2k-19.amzn2.0.7
  openssl-libs.x86_64 1:1.0.2k-19.amzn2.0.7                perl-Git.noarch 0:2.32.0-1.amzn2.0.1
  python.x86_64 0:2.7.18-1.amzn2.0.4                       python-devel.x86_64 0:2.7.18-1.amzn2.0.4
  python-libs.x86_64 0:2.7.18-1.amzn2.0.4                  python-urllib3.noarch 0:1.25.9-1.amzn2.0.2
  python2-rpm.x86_64 0:4.11.3-40.amzn2.0.6                 python3.x86_64 0:3.7.10-1.amzn2.0.1
  python3-libs.x86_64 0:3.7.10-1.amzn2.0.1                 python3-pip.noarch 0:20.2.2-1.amzn2.0.3
  rpm.x86_64 0:4.11.3-40.amzn2.0.6                         rpm-build-libs.x86_64 0:4.11.3-40.amzn2.0.6
  rpm-libs.x86_64 0:4.11.3-40.amzn2.0.6                    rpm-plugin-systemd-inhibit.x86_64 0:4.11.3-40.amzn2.0.6
  systemd.x86_64 0:219-78.amzn2.0.14                       systemd-libs.x86_64 0:219-78.amzn2.0.14
  systemd-sysv.x86_64 0:219-78.amzn2.0.14                  systemtap-runtime.x86_64 0:4.4-1.amzn2.0.1
  tzdata.noarch 0:2021a-1.amzn2                            update-motd.noarch 0:1.1.2-2.amzn2.0.2

Replaced:
  grub2.x86_64 1:2.02-35.amzn2.0.4                         grub2-tools.x86_64 1:2.02-35.amzn2.0.4

Complete!
[root@ip-172-31-6-207 ec2-user]#
[root@ip-172-31-6-207 ec2-user]#
[root@ip-172-31-6-207 ec2-user]# yum install docker -y
Loaded plugins: extras_suggestions, langpacks, priorities, update-motd
Resolving Dependencies
--> Running transaction check
---> Package docker.x86_64 0:20.10.4-1.amzn2 will be installed
--> Processing Dependency: runc >= 1.0.0 for package: docker-20.10.4-1.amzn2.x86_64
--> Processing Dependency: libcgroup >= 0.40.rc1-5.15 for package: docker-20.10.4-1.amzn2.x86_64
--> Processing Dependency: containerd >= 1.3.2 for package: docker-20.10.4-1.amzn2.x86_64
--> Processing Dependency: pigz for package: docker-20.10.4-1.amzn2.x86_64
--> Running transaction check
---> Package containerd.x86_64 0:1.4.6-2.amzn2 will be installed
---> Package libcgroup.x86_64 0:0.41-21.amzn2 will be installed
---> Package pigz.x86_64 0:2.3.4-1.amzn2.0.1 will be installed
---> Package runc.x86_64 0:1.0.0-1.amzn2 will be installed
--> Finished Dependency Resolution

Dependencies Resolved

==========================================================================================================================
 Package                   Arch                  Version                           Repository                        Size
==========================================================================================================================
Installing:
 docker                    x86_64                20.10.4-1.amzn2                   amzn2extra-docker                 32 M
Installing for dependencies:
 containerd                x86_64                1.4.6-2.amzn2                     amzn2extra-docker                 24 M
 libcgroup                 x86_64                0.41-21.amzn2                     amzn2-core                        66 k
 pigz                      x86_64                2.3.4-1.amzn2.0.1                 amzn2-core                        81 k
 runc                      x86_64                1.0.0-1.amzn2                     amzn2extra-docker                3.3 M

Transaction Summary
==========================================================================================================================
Install  1 Package (+4 Dependent packages)

Total download size: 59 M
Installed size: 244 M
Downloading packages:
(1/5): pigz-2.3.4-1.amzn2.0.1.x86_64.rpm                                                           |  81 kB  00:00:00
(2/5): libcgroup-0.41-21.amzn2.x86_64.rpm                                                          |  66 kB  00:00:00
(3/5): containerd-1.4.6-2.amzn2.x86_64.rpm                                                         |  24 MB  00:00:00
(4/5): docker-20.10.4-1.amzn2.x86_64.rpm                                                           |  32 MB  00:00:00
(5/5): runc-1.0.0-1.amzn2.x86_64.rpm                                                               | 3.3 MB  00:00:00
--------------------------------------------------------------------------------------------------------------------------
Total                                                                                      59 MB/s |  59 MB  00:00:01
Running transaction check
Running transaction test
Transaction test succeeded
Running transaction
  Installing : runc-1.0.0-1.amzn2.x86_64                                                                              1/5
  Installing : containerd-1.4.6-2.amzn2.x86_64                                                                        2/5
  Installing : libcgroup-0.41-21.amzn2.x86_64                                                                         3/5
  Installing : pigz-2.3.4-1.amzn2.0.1.x86_64                                                                          4/5
  Installing : docker-20.10.4-1.amzn2.x86_64                                                                          5/5
  Verifying  : docker-20.10.4-1.amzn2.x86_64                                                                          1/5
  Verifying  : pigz-2.3.4-1.amzn2.0.1.x86_64                                                                          2/5
  Verifying  : libcgroup-0.41-21.amzn2.x86_64                                                                         3/5
  Verifying  : containerd-1.4.6-2.amzn2.x86_64                                                                        4/5
  Verifying  : runc-1.0.0-1.amzn2.x86_64                                                                              5/5

Installed:
  docker.x86_64 0:20.10.4-1.amzn2

Dependency Installed:
  containerd.x86_64 0:1.4.6-2.amzn2        libcgroup.x86_64 0:0.41-21.amzn2        pigz.x86_64 0:2.3.4-1.amzn2.0.1
  runc.x86_64 0:1.0.0-1.amzn2

Complete!
[root@ip-172-31-6-207 ec2-user]# which docker
/bin/docker
[root@ip-172-31-6-207 ec2-user]# docker -version
unknown shorthand flag: 'e' in -ersion
See 'docker --help'.

Usage:  docker [OPTIONS] COMMAND

A self-sufficient runtime for containers

Options:
      --config string      Location of client config files (default "/root/.docker")
  -c, --context string     Name of the context to use to connect to the daemon (overrides DOCKER_HOST env var and
                           default context set with "docker context use")
  -D, --debug              Enable debug mode
  -H, --host list          Daemon socket(s) to connect to
  -l, --log-level string   Set the logging level ("debug"|"info"|"warn"|"error"|"fatal") (default "info")
      --tls                Use TLS; implied by --tlsverify
      --tlscacert string   Trust certs signed only by this CA (default "/root/.docker/ca.pem")
      --tlscert string     Path to TLS certificate file (default "/root/.docker/cert.pem")
      --tlskey string      Path to TLS key file (default "/root/.docker/key.pem")
      --tlsverify          Use TLS and verify the remote
  -v, --version            Print version information and quit

Management Commands:
  builder     Manage builds
  config      Manage Docker configs
  container   Manage containers
  context     Manage contexts
  image       Manage images
  manifest    Manage Docker image manifests and manifest lists
  network     Manage networks
  node        Manage Swarm nodes
  plugin      Manage plugins
  secret      Manage Docker secrets
  service     Manage services
  stack       Manage Docker stacks
  swarm       Manage Swarm
  system      Manage Docker
  trust       Manage trust on Docker images
  volume      Manage volumes

Commands:
  attach      Attach local standard input, output, and error streams to a running container
  build       Build an image from a Dockerfile
  commit      Create a new image from a container's changes
  cp          Copy files/folders between a container and the local filesystem
  create      Create a new container
  diff        Inspect changes to files or directories on a container's filesystem
  events      Get real time events from the server
  exec        Run a command in a running container
  export      Export a container's filesystem as a tar archive
  history     Show the history of an image
  images      List images
  import      Import the contents from a tarball to create a filesystem image
  info        Display system-wide information
  inspect     Return low-level information on Docker objects
  kill        Kill one or more running containers
  load        Load an image from a tar archive or STDIN
  login       Log in to a Docker registry
  logout      Log out from a Docker registry
  logs        Fetch the logs of a container
  pause       Pause all processes within one or more containers
  port        List port mappings or a specific mapping for the container
  ps          List containers
  pull        Pull an image or a repository from a registry
  push        Push an image or a repository to a registry
  rename      Rename a container
  restart     Restart one or more containers
  rm          Remove one or more containers
  rmi         Remove one or more images
  run         Run a command in a new container
  save        Save one or more images to a tar archive (streamed to STDOUT by default)
  search      Search the Docker Hub for images
  start       Start one or more stopped containers
  stats       Display a live stream of container(s) resource usage statistics
  stop        Stop one or more running containers
  tag         Create a tag TARGET_IMAGE that refers to SOURCE_IMAGE
  top         Display the running processes of a container
  unpause     Unpause all processes within one or more containers
  update      Update configuration of one or more containers
  version     Show the Docker version information
  wait        Block until one or more containers stop, then print their exit codes

Run 'docker COMMAND --help' for more information on a command.

To get more help with docker, check out our guides at https://docs.docker.com/go/guides/

[root@ip-172-31-6-207 ec2-user]# which chef
/usr/bin/which: no chef in (/sbin:/bin:/usr/sbin:/usr/bin)
[root@ip-172-31-6-207 ec2-user]# which docker
/bin/docker
[root@ip-172-31-6-207 ec2-user]# docker -v
Docker version 20.10.4, build d3cb89e
[root@ip-172-31-6-207 ec2-user]# docker --version
Docker version 20.10.4, build d3cb89e
[root@ip-172-31-6-207 ec2-user]# service docker status
Redirecting to /bin/systemctl status docker.service
● docker.service - Docker Application Container Engine
   Loaded: loaded (/usr/lib/systemd/system/docker.service; disabled; vendor preset: disabled)
   Active: inactive (dead)
     Docs: https://docs.docker.com
[root@ip-172-31-6-207 ec2-user]# docker --version
Docker version 20.10.4, build d3cb89e
[root@ip-172-31-6-207 ec2-user]# service docker status
Redirecting to /bin/systemctl status docker.service
● docker.service - Docker Application Container Engine
   Loaded: loaded (/usr/lib/systemd/system/docker.service; disabled; vendor preset: disabled)
   Active: inactive (dead)
     Docs: https://docs.docker.com
[root@ip-172-31-6-207 ec2-user]# docker info
Client:
 Context:    default
 Debug Mode: false

Server:
ERROR: Cannot connect to the Docker daemon at unix:///var/run/docker.sock. Is the docker daemon running?
errors pretty printing info
[root@ip-172-31-6-207 ec2-user]# service docker start
Redirecting to /bin/systemctl start docker.service
[root@ip-172-31-6-207 ec2-user]# service docker status
Redirecting to /bin/systemctl status docker.service
● docker.service - Docker Application Container Engine
   Loaded: loaded (/usr/lib/systemd/system/docker.service; disabled; vendor preset: disabled)
   Active: active (running) since Tue 2021-08-03 12:15:06 UTC; 17s ago
     Docs: https://docs.docker.com
  Process: 12600 ExecStartPre=/usr/libexec/docker/docker-setup-runtimes.sh (code=exited, status=0/SUCCESS)
  Process: 12590 ExecStartPre=/bin/mkdir -p /run/docker (code=exited, status=0/SUCCESS)
 Main PID: 12608 (dockerd)
    Tasks: 7
   Memory: 37.8M
   CGroup: /system.slice/docker.service
           └─12608 /usr/bin/dockerd -H fd:// --containerd=/run/containerd/containerd.sock --default-ulimit nofile=1024:...

Aug 03 12:15:06 ip-172-31-6-207.ap-south-1.compute.internal dockerd[12608]: time="2021-08-03T12:15:06.532750088Z" lev...pc
Aug 03 12:15:06 ip-172-31-6-207.ap-south-1.compute.internal dockerd[12608]: time="2021-08-03T12:15:06.533051093Z" lev...pc
Aug 03 12:15:06 ip-172-31-6-207.ap-south-1.compute.internal dockerd[12608]: time="2021-08-03T12:15:06.533352795Z" lev...pc
Aug 03 12:15:06 ip-172-31-6-207.ap-south-1.compute.internal dockerd[12608]: time="2021-08-03T12:15:06.586199137Z" lev...."
Aug 03 12:15:06 ip-172-31-6-207.ap-south-1.compute.internal dockerd[12608]: time="2021-08-03T12:15:06.752341864Z" lev...s"
Aug 03 12:15:06 ip-172-31-6-207.ap-south-1.compute.internal dockerd[12608]: time="2021-08-03T12:15:06.809180789Z" lev...."
Aug 03 12:15:06 ip-172-31-6-207.ap-south-1.compute.internal dockerd[12608]: time="2021-08-03T12:15:06.826814899Z" lev....4
Aug 03 12:15:06 ip-172-31-6-207.ap-south-1.compute.internal dockerd[12608]: time="2021-08-03T12:15:06.827366577Z" lev...n"
Aug 03 12:15:06 ip-172-31-6-207.ap-south-1.compute.internal systemd[1]: Started Docker Application Container Engine.
Aug 03 12:15:06 ip-172-31-6-207.ap-south-1.compute.internal dockerd[12608]: time="2021-08-03T12:15:06.851154680Z" lev...k"
Hint: Some lines were ellipsized, use -l to show in full.
[root@ip-172-31-6-207 ec2-user]# service docker start
Redirecting to /bin/systemctl start docker.service
[root@ip-172-31-6-207 ec2-user]# docker images
REPOSITORY   TAG       IMAGE ID   CREATED   SIZE
[root@ip-172-31-6-207 ec2-user]# docker ps
CONTAINER ID   IMAGE     COMMAND   CREATED   STATUS    PORTS     NAMES
[root@ip-172-31-6-207 ec2-user]# docker ps -a
CONTAINER ID   IMAGE     COMMAND   CREATED   STATUS    PORTS     NAMES
[root@ip-172-31-6-207 ec2-user]# docker run -it ubuntu /bin/bash
Unable to find image 'ubuntu:latest' locally
latest: Pulling from library/ubuntu
16ec32c2132b: Pull complete
Digest: sha256:82becede498899ec668628e7cb0ad87b6e1c371cb8a1e597d83a47fac21d6af3
Status: Downloaded newer image for ubuntu:latest
root@a65a42643066:/#
root@a65a42643066:/# docker images
bash: docker: command not found
root@a65a42643066:/# ls -lrt
total 0
drwxr-xr-x   2 root root   6 Apr 15  2020 home
drwxr-xr-x   2 root root   6 Apr 15  2020 boot
lrwxrwxrwx   1 root root   8 Jul 23 17:35 sbin -> usr/sbin
lrwxrwxrwx   1 root root  10 Jul 23 17:35 libx32 -> usr/libx32
lrwxrwxrwx   1 root root   9 Jul 23 17:35 lib64 -> usr/lib64
lrwxrwxrwx   1 root root   9 Jul 23 17:35 lib32 -> usr/lib32
lrwxrwxrwx   1 root root   7 Jul 23 17:35 lib -> usr/lib
lrwxrwxrwx   1 root root   7 Jul 23 17:35 bin -> usr/bin
drwxr-xr-x  13 root root 145 Jul 23 17:35 usr
drwxr-xr-x   2 root root   6 Jul 23 17:35 srv
drwxr-xr-x   2 root root   6 Jul 23 17:35 opt
drwxr-xr-x   2 root root   6 Jul 23 17:35 mnt
drwxr-xr-x   2 root root   6 Jul 23 17:35 media
drwxr-xr-x  11 root root 139 Jul 23 17:38 var
drwx------   2 root root  37 Jul 23 17:38 root
drwxrwxrwt   2 root root   6 Jul 23 17:38 tmp
drwxr-xr-x   5 root root  58 Jul 23 17:38 run
drwxr-xr-x   1 root root  66 Aug  3 12:19 etc
dr-xr-xr-x 105 root root   0 Aug  3 12:19 proc
dr-xr-xr-x  13 root root   0 Aug  3 12:19 sys
drwxr-xr-x   5 root root 360 Aug  3 12:19 dev
root@a65a42643066:/# cat /etc/os-release
NAME="Ubuntu"
VERSION="20.04.2 LTS (Focal Fossa)"
ID=ubuntu
ID_LIKE=debian
PRETTY_NAME="Ubuntu 20.04.2 LTS"
VERSION_ID="20.04"
HOME_URL="https://www.ubuntu.com/"
SUPPORT_URL="https://help.ubuntu.com/"
BUG_REPORT_URL="https://bugs.launchpad.net/ubuntu/"
PRIVACY_POLICY_URL="https://www.ubuntu.com/legal/terms-and-policies/privacy-policy"
VERSION_CODENAME=focal
UBUNTU_CODENAME=focal
root@a65a42643066:/# exit
exit
[root@ip-172-31-6-207 ec2-user]# docker ps -a
CONTAINER ID   IMAGE     COMMAND       CREATED         STATUS                     PORTS     NAMES
a65a42643066   ubuntu    "/bin/bash"   4 minutes ago   Exited (0) 4 seconds ago             quirky_nightingale
[root@ip-172-31-6-207 ec2-user]# docker images
REPOSITORY   TAG       IMAGE ID       CREATED      SIZE
ubuntu       latest    1318b700e415   7 days ago   72.8MB
[root@ip-172-31-6-207 ec2-user]# service docker status
Redirecting to /bin/systemctl status docker.service
● docker.service - Docker Application Container Engine
   Loaded: loaded (/usr/lib/systemd/system/docker.service; disabled; vendor preset: disabled)
   Active: active (running) since Tue 2021-08-03 12:15:06 UTC; 9min ago
     Docs: https://docs.docker.com
  Process: 12600 ExecStartPre=/usr/libexec/docker/docker-setup-runtimes.sh (code=exited, status=0/SUCCESS)
  Process: 12590 ExecStartPre=/bin/mkdir -p /run/docker (code=exited, status=0/SUCCESS)
 Main PID: 12608 (dockerd)
    Tasks: 9
   Memory: 135.0M
   CGroup: /system.slice/docker.service
           └─12608 /usr/bin/dockerd -H fd:// --containerd=/run/containerd/containerd.sock --default-ulimit nofile=1024:...

Aug 03 12:15:06 ip-172-31-6-207.ap-south-1.compute.internal dockerd[12608]: time="2021-08-03T12:15:06.533051093Z" lev...pc
Aug 03 12:15:06 ip-172-31-6-207.ap-south-1.compute.internal dockerd[12608]: time="2021-08-03T12:15:06.533352795Z" lev...pc
Aug 03 12:15:06 ip-172-31-6-207.ap-south-1.compute.internal dockerd[12608]: time="2021-08-03T12:15:06.586199137Z" lev...."
Aug 03 12:15:06 ip-172-31-6-207.ap-south-1.compute.internal dockerd[12608]: time="2021-08-03T12:15:06.752341864Z" lev...s"
Aug 03 12:15:06 ip-172-31-6-207.ap-south-1.compute.internal dockerd[12608]: time="2021-08-03T12:15:06.809180789Z" lev...."
Aug 03 12:15:06 ip-172-31-6-207.ap-south-1.compute.internal dockerd[12608]: time="2021-08-03T12:15:06.826814899Z" lev....4
Aug 03 12:15:06 ip-172-31-6-207.ap-south-1.compute.internal dockerd[12608]: time="2021-08-03T12:15:06.827366577Z" lev...n"
Aug 03 12:15:06 ip-172-31-6-207.ap-south-1.compute.internal systemd[1]: Started Docker Application Container Engine.
Aug 03 12:15:06 ip-172-31-6-207.ap-south-1.compute.internal dockerd[12608]: time="2021-08-03T12:15:06.851154680Z" lev...k"
Aug 03 12:23:56 ip-172-31-6-207.ap-south-1.compute.internal dockerd[12608]: time="2021-08-03T12:23:56.527937210Z" lev...e"
Hint: Some lines were ellipsized, use -l to show in full.
[root@ip-172-31-6-207 ec2-user]# docker ps
CONTAINER ID   IMAGE     COMMAND   CREATED   STATUS    PORTS     NAMES
[root@ip-172-31-6-207 ec2-user]# docker ps -a
CONTAINER ID   IMAGE     COMMAND       CREATED         STATUS                     PORTS     NAMES
a65a42643066   ubuntu    "/bin/bash"   6 minutes ago   Exited (0) 2 minutes ago             quirky_nightingale
[root@ip-172-31-6-207 ec2-user]# docker run -it ubuntu /bin/bash
root@3b2b1317e343:/# exit
exit
[root@ip-172-31-6-207 ec2-user]# docker ps -a
CONTAINER ID   IMAGE     COMMAND       CREATED          STATUS                     PORTS     NAMES
3b2b1317e343   ubuntu    "/bin/bash"   10 seconds ago   Exited (0) 3 seconds ago             elegant_aryabhata
a65a42643066   ubuntu    "/bin/bash"   7 minutes ago    Exited (0) 3 minutes ago             quirky_nightingale
[root@ip-172-31-6-207 ec2-user]# docker images
REPOSITORY   TAG       IMAGE ID       CREATED      SIZE
ubuntu       latest    1318b700e415   7 days ago   72.8MB
[root@ip-172-31-6-207 ec2-user]# docker run -it centos /bin/bash
Unable to find image 'centos:latest' locally
latest: Pulling from library/centos
7a0437f04f83: Pull complete
Digest: sha256:5528e8b1b1719d34604c87e11dcd1c0a20bedf46e83b5632cdeac91b8c04efc1
Status: Downloaded newer image for centos:latest
[root@d2c737edc326 /]# exit
exit
[root@ip-172-31-6-207 ec2-user]# docker images
REPOSITORY   TAG       IMAGE ID       CREATED        SIZE
ubuntu       latest    1318b700e415   7 days ago     72.8MB
centos       latest    300e315adb2f   7 months ago   209MB
[root@ip-172-31-6-207 ec2-user]# docker run -it centos /bin/bash
[root@cc824b365d8b /]# cat /etc/os-release
NAME="CentOS Linux"
VERSION="8"
ID="centos"
ID_LIKE="rhel fedora"
VERSION_ID="8"
PLATFORM_ID="platform:el8"
PRETTY_NAME="CentOS Linux 8"
ANSI_COLOR="0;31"
CPE_NAME="cpe:/o:centos:centos:8"
HOME_URL="https://centos.org/"
BUG_REPORT_URL="https://bugs.centos.org/"
CENTOS_MANTISBT_PROJECT="CentOS-8"
CENTOS_MANTISBT_PROJECT_VERSION="8"
[root@cc824b365d8b /]# exit
exit
[root@ip-172-31-6-207 ec2-user]# docker ps
CONTAINER ID   IMAGE     COMMAND   CREATED   STATUS    PORTS     NAMES
[root@ip-172-31-6-207 ec2-user]# docker ps -a
CONTAINER ID   IMAGE     COMMAND       CREATED              STATUS                          PORTS     NAMES
cc824b365d8b   centos    "/bin/bash"   44 seconds ago       Exited (0) 13 seconds ago                 quirky_brown
d2c737edc326   centos    "/bin/bash"   About a minute ago   Exited (0) About a minute ago             keen_liskov
3b2b1317e343   ubuntu    "/bin/bash"   4 minutes ago        Exited (0) 4 minutes ago                  elegant_aryabhata
a65a42643066   ubuntu    "/bin/bash"   11 minutes ago       Exited (0) 7 minutes ago                  quirky_nightingale
[root@ip-172-31-6-207 ec2-user]# docker pull jenkins
Using default tag: latest
Error response from daemon: manifest for jenkins:latest not found: manifest unknown: manifest unknown
[root@ip-172-31-6-207 ec2-user]# docker pull
"docker pull" requires exactly 1 argument.
See 'docker pull --help'.

Usage:  docker pull [OPTIONS] NAME[:TAG|@DIGEST]

Pull an image or a repository from a registry
[root@ip-172-31-6-207 ec2-user]# docker pull
"docker pull" requires exactly 1 argument.
See 'docker pull --help'.

Usage:  docker pull [OPTIONS] NAME[:TAG|@DIGEST]

Pull an image or a repository from a registry
[root@ip-172-31-6-207 ec2-user]# docker pull jenkins
Using default tag: latest
Error response from daemon: manifest for jenkins:latest not found: manifest unknown: manifest unknown
[root@ip-172-31-6-207 ec2-user]#
[root@ip-172-31-6-207 ec2-user]# docker pull jenkins
Using default tag: latest
Error response from daemon: manifest for jenkins:latest not found: manifest unknown: manifest unknown
[root@ip-172-31-6-207 ec2-user]# docker pull maven
Using default tag: latest
latest: Pulling from library/maven
1da50e1664e1: Pull complete
e4c8e5a84542: Pull complete
a5611f32ee23: Pull complete
64f2900901e0: Pull complete
3103b98a13ed: Pull complete
332aa27d0eee: Pull complete
7404e531eda9: Pull complete
Digest: sha256:5f5855a5aca2d5a7131f4379d71e6fc294cc9dfd94aa23b918ca5c47b14bbacd
Status: Downloaded newer image for maven:latest
docker.io/library/maven:latest
[root@ip-172-31-6-207 ec2-user]# docker images
REPOSITORY   TAG       IMAGE ID       CREATED        SIZE
ubuntu       latest    1318b700e415   7 days ago     72.8MB
maven        latest    af6fa399a100   11 days ago    774MB
centos       latest    300e315adb2f   7 months ago   209MB
[root@ip-172-31-6-207 ec2-user]# docker pull jenkins
Using default tag: latest
Error response from daemon: manifest for jenkins:latest not found: manifest unknown: manifest unknown
[root@ip-172-31-6-207 ec2-user]#








login as: ec2-user
Authenticating with public key "imported-openssh-key"
Last login: Tue Aug  3 12:04:42 2021 from 49.37.42.248

       __|  __|_  )
       _|  (     /   Amazon Linux 2 AMI
      ___|\___|___|

https://aws.amazon.com/amazon-linux-2/
[ec2-user@ip-172-31-6-207 ~]$
[ec2-user@ip-172-31-6-207 ~]$ sudo su
[root@ip-172-31-6-207 ec2-user]# docker iamges
docker: 'iamges' is not a docker command.
See 'docker --help'
[root@ip-172-31-6-207 ec2-user]# docker images
REPOSITORY   TAG       IMAGE ID       CREATED        SIZE
ubuntu       latest    1318b700e415   7 days ago     72.8MB
maven        latest    af6fa399a100   11 days ago    774MB
centos       latest    300e315adb2f   7 months ago   209MB
[root@ip-172-31-6-207 ec2-user]# docker run -it maven /bin/bash
bash-4.4#
bash-4.4# ls -lrt
total 0
drwxr-xr-x   2 root root   6 Aug  1  2020 srv
lrwxrwxrwx   1 root root   8 Aug  1  2020 sbin -> usr/sbin
drwxr-xr-x   2 root root   6 Aug  1  2020 opt
drwxr-xr-x   2 root root   6 Aug  1  2020 mnt
drwxr-xr-x   2 root root   6 Aug  1  2020 media
lrwxrwxrwx   1 root root   9 Aug  1  2020 lib64 -> usr/lib64
lrwxrwxrwx   1 root root   7 Aug  1  2020 lib -> usr/lib
drwxr-xr-x   2 root root   6 Aug  1  2020 home
dr-xr-xr-x   2 root root   6 Aug  1  2020 boot
lrwxrwxrwx   1 root root   7 Aug  1  2020 bin -> usr/bin
drwxr-xr-x   1 root root  52 Jul 21 23:24 var
drwxr-xr-x   1 root root  19 Jul 23 06:42 usr
drwxr-xr-x   1 root root  53 Jul 23 08:48 run
drwxrwxrwt   1 root root   6 Jul 23 08:48 tmp
dr-xr-xr-x  13 root root   0 Aug  3 12:22 sys
drwxr-xr-x   1 root root  66 Aug  3 13:18 etc
dr-xr-xr-x 104 root root   0 Aug  3 13:18 proc
drwxr-xr-x   5 root root 360 Aug  3 13:18 dev
dr-xr-x---   1 root root  17 Aug  3 13:18 root
bash-4.4# exit
exit
[root@ip-172-31-6-207 ec2-user]# docker run -it ubuntu /bin/bash
root@b898712f2ca4:/# exit
exit
[root@ip-172-31-6-207 ec2-user]# docker ps
CONTAINER ID   IMAGE     COMMAND   CREATED   STATUS    PORTS     NAMES
[root@ip-172-31-6-207 ec2-user]# docker ps -a
CONTAINER ID   IMAGE     COMMAND                  CREATED          STATUS                      PORTS     NAMES
b898712f2ca4   ubuntu    "/bin/bash"              16 seconds ago   Exited (0) 9 seconds ago              thirsty_lichterma                           n
3ba7dbe7869f   maven     "/usr/local/bin/mvn-…"   45 seconds ago   Exited (0) 30 seconds ago             boring_meninsky
cc824b365d8b   centos    "/bin/bash"              48 minutes ago   Exited (0) 47 minutes ago             quirky_brown
d2c737edc326   centos    "/bin/bash"              49 minutes ago   Exited (0) 48 minutes ago             keen_liskov
3b2b1317e343   ubuntu    "/bin/bash"              52 minutes ago   Exited (0) 52 minutes ago             elegant_aryabhata
a65a42643066   ubuntu    "/bin/bash"              59 minutes ago   Exited (0) 54 minutes ago             quirky_nightingal                           e
[root@ip-172-31-6-207 ec2-user]# docker run -it maven /bin/bash
bash-4.4# which maven
bash: which: command not found
bash-4.4# maven -v
bash: maven: command not found
bash-4.4# maven --version
bash: maven: command not found
bash-4.4# exit
exit
[root@ip-172-31-6-207 ec2-user]# docker images
REPOSITORY   TAG       IMAGE ID       CREATED        SIZE
ubuntu       latest    1318b700e415   7 days ago     72.8MB
maven        latest    af6fa399a100   11 days ago    774MB
centos       latest    300e315adb2f   7 months ago   209MB
[root@ip-172-31-6-207 ec2-user]# docker run -it ubuntu /bin/bash
root@a6c84feece02:/# which ubuntu
root@a6c84feece02:/# ubuntu -v
bash: ubuntu: command not found
root@a6c84feece02:/# exit
exit
[root@ip-172-31-6-207 ec2-user]# chef/chefdk
bash: chef/chefdk: No such file or directory
[root@ip-172-31-6-207 ec2-user]# docker pull chef/chefdk
Using default tag: latest
latest: Pulling from chef/chefdk
d7c3167c320d: Pull complete
131f805ec7fd: Pull complete
322ed380e680: Pull complete
6ac240b13098: Pull complete
f9b0518b71ad: Pull complete
58e0ed741386: Pull complete
Digest: sha256:257ab26206537c348c5c3ddd25660dccec2cbf0b61f7efbc88fb70efc65f646b
Status: Downloaded newer image for chef/chefdk:latest
docker.io/chef/chefdk:latest
[root@ip-172-31-6-207 ec2-user]# docker images
REPOSITORY    TAG       IMAGE ID       CREATED         SIZE
ubuntu        latest    1318b700e415   7 days ago      72.8MB
maven         latest    af6fa399a100   11 days ago     774MB
centos        latest    300e315adb2f   7 months ago    209MB
chef/chefdk   latest    606472dfa936   13 months ago   820MB
[root@ip-172-31-6-207 ec2-user]# docker run -it chef/chefdk /bin/bash
root@122339a6bf0b:/# whcih chef
bash: whcih: command not found
root@122339a6bf0b:/# which chef
/opt/chefdk/bin/chef
root@122339a6bf0b:/# chef -v
ChefDK version: 4.9.7
Chef Infra Client version: 15.12.22
Chef InSpec version: 4.21.3
Test Kitchen version: 2.5.2
Foodcritic version: 16.3.0
Cookstyle version: 5.23.0
root@122339a6bf0b:/# chef --version
ChefDK version: 4.9.7
Chef Infra Client version: 15.12.22
Chef InSpec version: 4.21.3
Test Kitchen version: 2.5.2
Foodcritic version: 16.3.0
Cookstyle version: 5.23.0
root@122339a6bf0b:/# exit
exit
[root@ip-172-31-6-207 ec2-user]# ls -lrt
total 0
drwxrwxrwx 2 root root 6 Jun 19 04:06 naba
drwxrwxrwx 2 root root 6 Jun 19 04:07 jyoti
[root@ip-172-31-6-207 ec2-user]# docker images
REPOSITORY    TAG       IMAGE ID       CREATED         SIZE
ubuntu        latest    1318b700e415   7 days ago      72.8MB
maven         latest    af6fa399a100   11 days ago     774MB
centos        latest    300e315adb2f   7 months ago    209MB
chef/chefdk   latest    606472dfa936   13 months ago   820MB
[root@ip-172-31-6-207 ec2-user]# docker run -it maven /bin/bash
bash-4.4# which maven
bash: which: command not found
bash-4.4# which maven
bash: which: command not found
bash-4.4# maven -v
bash: maven: command not found
bash-4.4# exit
exit
[root@ip-172-31-6-207 ec2-user]# docker ps -a
CONTAINER ID   IMAGE         COMMAND                  CREATED             STATUS                          PORTS     NAMES
debd511984a6   maven         "/usr/local/bin/mvn-…"   44 seconds ago      Exited (127) 7 seconds ago                sharp_                           mayer
122339a6bf0b   chef/chefdk   "/bin/bash"              2 minutes ago       Exited (0) About a minute ago             funny_                           jackson
a6c84feece02   ubuntu        "/bin/bash"              5 minutes ago       Exited (127) 4 minutes ago                heuris                           tic_antonelli
09e67a24a845   maven         "/usr/local/bin/mvn-…"   6 minutes ago       Exited (127) 5 minutes ago                festiv                           e_neumann
b898712f2ca4   ubuntu        "/bin/bash"              7 minutes ago       Exited (0) 7 minutes ago                  thirst                           y_lichterman
3ba7dbe7869f   maven         "/usr/local/bin/mvn-…"   8 minutes ago       Exited (0) 7 minutes ago                  boring                           _meninsky
cc824b365d8b   centos        "/bin/bash"              55 minutes ago      Exited (0) 55 minutes ago                 quirky                           _brown
d2c737edc326   centos        "/bin/bash"              56 minutes ago      Exited (0) 56 minutes ago                 keen_l                           iskov
3b2b1317e343   ubuntu        "/bin/bash"              59 minutes ago      Exited (0) 59 minutes ago                 elegan                           t_aryabhata
a65a42643066   ubuntu        "/bin/bash"              About an hour ago   Exited (0) About an hour ago              quirky                           _nightingale
[root@ip-172-31-6-207 ec2-user]# docker hub maven
docker: 'hub' is not a docker command.
See 'docker --help'
[root@ip-172-31-6-207 ec2-user]# docker search  maven
NAME                            DESCRIPTION                                     STARS     OFFICIAL   AUTOMATED
maven                           Apache Maven is a software project managemen…   1237      [OK]
markhobson/maven-chrome         Docker image for Java automated UI tests.       15                   [OK]
frekele/maven                   docker run --rm --name maven frekele/maven      14                   [OK]
adoptopenjdk/maven-openjdk11    Apache Maven 3.6.1 Docker Images based on Op…   12
fabric8/maven-builder           Maven builder image used by Java projects in…   5                    [OK]
twalter/maven-docker            Docker image which includes maven + docker b…   3                    [OK]
arm64v8/maven                   Apache Maven is a software project managemen…   3
s390x/maven                     Apache Maven is a software project managemen…   1
opennms/maven                   Vanilla CentOS with Oracle Java Development …   1                    [OK]
nulldriver/maven-resource       Concourse resource type that deploys and ret…   1
pivotalpa/maven-resource        THIS REPO IS NO LONGER MAINTAINED!!  PLEASE …   0
csanchez/maven                  Continuous builds of the official Maven Dock…   0                    [OK]
amd64/maven                     Apache Maven is a software project managemen…   0
xiwix/maven-resource            https://github.com/xiwix/maven-resource         0
contrast/maven-yarn             Maven and Yarn tools                            0                    [OK]
lorands/maven-stage-resource    Concourse resource to stage maven artifacts.    0
jelastic/maven                  An image of the Maven build node maintained …   0
cfje/maven-resource             Maven Concourse Resource                        0
karolbuchta/maven-resource      Forked maven-resource from patrickcrocker/ma…   0
ppc64le/maven                   Apache Maven is a software project managemen…   0
ringcentral/maven               an alpine Linux image included glibc and Ora…   0
mwmahlberg/maven-resource       maven resource for Concourse CI                 0
olhtbr/maven-cache-resource     A Concourse.ci resource for caching Maven de…   0
patrickcrocker/maven-resource   Concourse resource type that deploys and ret…   0
ravihuang/maven                 maven                                           0                    [OK]
[root@ip-172-31-6-207 ec2-user]# docker search  jenkins
NAME                                    DESCRIPTION                                     STARS     OFFICIAL   AUTOMATED
jenkins                                 Official Jenkins Docker image                   5260      [OK]
jenkins/jenkins                         The leading open source automation server       2613
jenkinsci/blueocean                     https://jenkins.io/projects/blueocean           630
jenkinsci/jenkins                       Jenkins Continuous Integration and Delivery …   391
jenkins/jnlp-slave                      a Jenkins agent which can connect to Jenkins…   146                  [OK]
jenkinsci/jnlp-slave                    A Jenkins slave using JNLP to establish conn…   133                  [OK]
jenkinsci/slave                         Base Jenkins slave docker image                 67                   [OK]
jenkins/slave                           base image for a Jenkins Agent, which includ…   47                   [OK]
jenkinsci/ssh-slave                     A Jenkins SSH Slave docker image                44                   [OK]
jenkins/ssh-slave                       A Jenkins slave using SSH to establish conne…   37                   [OK]
cloudbees/jenkins-enterprise            CloudBees Jenkins Enterprise (Rolling releas…   34                   [OK]
xmartlabs/jenkins-android               Jenkins image for Android development.          28                   [OK]
openshift/jenkins-2-centos7             A Centos7 based Jenkins v2.x image for use w…   23
cloudbees/jenkins-operations-center     CloudBees Jenkins Operation Center (Rolling …   14                   [OK]
jenkins/ssh-agent                       Docker image for Jenkins agents connected ov…   12
openshift/jenkins-slave-maven-centos7   A Jenkins slave image with OpenJDK 1.8 and M…   11
vfarcic/jenkins-swarm-agent             Jenkins agent based on the Swarm plugin         8                    [OK]
openshift/jenkins-slave-base-centos7    A Jenkins slave base image. DEPRECATED: see …   7
trion/jenkins-docker-client             Jenkins CI server with docker client            6                    [OK]
publicisworldwide/jenkins-slave         Jenkins Slave based on Oracle Linux             5                    [OK]
openshift/jenkins-1-centos7             DEPRECATED: A Centos7 based Jenkins v1.x ima…   4
ansibleplaybookbundle/jenkins-apb       An APB which deploys Jenkins CI                 1                    [OK]
jameseckersall/jenkins                  docker-jenkins (based on openshift jenkins 2…   0                    [OK]
mashape/jenkins                         Just a jenkins image with the AWS cli added …   0                    [OK]
amazeeio/jenkins-slave                  A jenkins slave that connects to a master vi…   0                    [OK]
[root@ip-172-31-6-207 ec2-user]# docker images
REPOSITORY    TAG       IMAGE ID       CREATED         SIZE
ubuntu        latest    1318b700e415   7 days ago      72.8MB
maven         latest    af6fa399a100   11 days ago     774MB
centos        latest    300e315adb2f   7 months ago    209MB
chef/chefdk   latest    606472dfa936   13 months ago   820MB
[root@ip-172-31-6-207 ec2-user]# docker run -it --name Nabajyoti_OS centos /bin/bash
[root@3fb8c34f0237 /]# exit
exit
[root@ip-172-31-6-207 ec2-user]# docker ps -a
CONTAINER ID   IMAGE         COMMAND                  CREATED             STATUS                         PORTS     NAMES
3fb8c34f0237   centos        "/bin/bash"              12 seconds ago      Exited (0) 8 seconds ago                 Nabajyo                           ti_OS
debd511984a6   maven         "/usr/local/bin/mvn-…"   4 minutes ago       Exited (127) 4 minutes ago               sharp_m                           ayer
122339a6bf0b   chef/chefdk   "/bin/bash"              6 minutes ago       Exited (0) 5 minutes ago                 funny_j                           ackson
a6c84feece02   ubuntu        "/bin/bash"              9 minutes ago       Exited (127) 8 minutes ago               heurist                           ic_antonelli
09e67a24a845   maven         "/usr/local/bin/mvn-…"   10 minutes ago      Exited (127) 9 minutes ago               festive                           _neumann
b898712f2ca4   ubuntu        "/bin/bash"              11 minutes ago      Exited (0) 11 minutes ago                thirsty                           _lichterman
3ba7dbe7869f   maven         "/usr/local/bin/mvn-…"   12 minutes ago      Exited (0) 11 minutes ago                boring_                           meninsky
cc824b365d8b   centos        "/bin/bash"              59 minutes ago      Exited (0) 59 minutes ago                quirky_                           brown
d2c737edc326   centos        "/bin/bash"              About an hour ago   Exited (0) About an hour ago             keen_li                           skov
3b2b1317e343   ubuntu        "/bin/bash"              About an hour ago   Exited (0) About an hour ago             elegant                           _aryabhata
a65a42643066   ubuntu        "/bin/bash"              About an hour ago   Exited (0) About an hour ago             quirky_                           nightingale
[root@ip-172-31-6-207 ec2-user]# docker ps -a
CONTAINER ID   IMAGE         COMMAND                  CREATED             STATUS                         PORTS     NAMES
3fb8c34f0237   centos        "/bin/bash"              59 seconds ago      Exited (0) 54 seconds ago                Nabajyoti_OS
debd511984a6   maven         "/usr/local/bin/mvn-…"   5 minutes ago       Exited (127) 4 minutes ago               sharp_mayer
122339a6bf0b   chef/chefdk   "/bin/bash"              7 minutes ago       Exited (0) 6 minutes ago                 funny_jackson
a6c84feece02   ubuntu        "/bin/bash"              10 minutes ago      Exited (127) 9 minutes ago               heuristic_antonelli
09e67a24a845   maven         "/usr/local/bin/mvn-…"   11 minutes ago      Exited (127) 10 minutes ago              festive_neumann
b898712f2ca4   ubuntu        "/bin/bash"              12 minutes ago      Exited (0) 12 minutes ago                thirsty_lichterman
3ba7dbe7869f   maven         "/usr/local/bin/mvn-…"   12 minutes ago      Exited (0) 12 minutes ago                boring_meninsky
cc824b365d8b   centos        "/bin/bash"              About an hour ago   Exited (0) 59 minutes ago                quirky_brown
d2c737edc326   centos        "/bin/bash"              About an hour ago   Exited (0) About an hour ago             keen_liskov
3b2b1317e343   ubuntu        "/bin/bash"              About an hour ago   Exited (0) About an hour ago             elegant_aryabhata
a65a42643066   ubuntu        "/bin/bash"              About an hour ago   Exited (0) About an hour ago             quirky_nightingale
[root@ip-172-31-6-207 ec2-user]# docker ps -a
CONTAINER ID   IMAGE         COMMAND                  CREATED              STATUS                          PORTS     NAMES
3fb8c34f0237   centos        "/bin/bash"              About a minute ago   Exited (0) About a minute ago             Nabajyoti_OS
debd511984a6   maven         "/usr/local/bin/mvn-…"   5 minutes ago        Exited (127) 5 minutes ago                sharp_mayer
122339a6bf0b   chef/chefdk   "/bin/bash"              8 minutes ago        Exited (0) 6 minutes ago                  funny_jackson
a6c84feece02   ubuntu        "/bin/bash"              10 minutes ago       Exited (127) 9 minutes ago                heuristic_antonel               li
09e67a24a845   maven         "/usr/local/bin/mvn-…"   11 minutes ago       Exited (127) 10 minutes ago               festive_neumann
b898712f2ca4   ubuntu        "/bin/bash"              12 minutes ago       Exited (0) 12 minutes ago                 thirsty_lichterma               n
3ba7dbe7869f   maven         "/usr/local/bin/mvn-…"   13 minutes ago       Exited (0) 13 minutes ago                 boring_meninsky
cc824b365d8b   centos        "/bin/bash"              About an hour ago    Exited (0) About an hour ago              quirky_brown
d2c737edc326   centos        "/bin/bash"              About an hour ago    Exited (0) About an hour ago              keen_liskov
3b2b1317e343   ubuntu        "/bin/bash"              About an hour ago    Exited (0) About an hour ago              elegant_aryabhata
a65a42643066   ubuntu        "/bin/bash"              About an hour ago    Exited (0) About an hour ago              quirky_nightingal               e
[root@ip-172-31-6-207 ec2-user]# docker ps -a
CONTAINER ID   IMAGE         COMMAND                  CREATED              STATUS                          PORTS     NAMES
3fb8c34f0237   centos        "/bin/bash"              About a minute ago   Exited (0) About a minute ago             Nabajyoti_OS
debd511984a6   maven         "/usr/local/bin/mvn-…"   6 minutes ago        Exited (127) 5 minutes ago                sharp_mayer
122339a6bf0b   chef/chefdk   "/bin/bash"              8 minutes ago        Exited (0) 7 minutes ago                  funny_jackson
a6c84feece02   ubuntu        "/bin/bash"              11 minutes ago       Exited (127) 10 minutes ago               heuristic_antonelli
09e67a24a845   maven         "/usr/local/bin/mvn-…"   12 minutes ago       Exited (127) 11 minutes ago               festive_neumann
b898712f2ca4   ubuntu        "/bin/bash"              13 minutes ago       Exited (0) 13 minutes ago                 thirsty_lichterman
3ba7dbe7869f   maven         "/usr/local/bin/mvn-…"   13 minutes ago       Exited (0) 13 minutes ago                 boring_meninsky
cc824b365d8b   centos        "/bin/bash"              About an hour ago    Exited (0) About an hour ago              quirky_brown
d2c737edc326   centos        "/bin/bash"              About an hour ago    Exited (0) About an hour ago              keen_liskov
3b2b1317e343   ubuntu        "/bin/bash"              About an hour ago    Exited (0) About an hour ago              elegant_aryabhata
a65a42643066   ubuntu        "/bin/bash"              About an hour ago    Exited (0) About an hour ago              quirky_nightingale
[root@ip-172-31-6-207 ec2-user]#
[root@ip-172-31-6-207 ec2-user]#
[root@ip-172-31-6-207 ec2-user]# docker start Nabajyoti_OS
Nabajyoti_OS
[root@ip-172-31-6-207 ec2-user]#
[root@ip-172-31-6-207 ec2-user]# docker ps
CONTAINER ID   IMAGE     COMMAND       CREATED         STATUS         PORTS     NAMES
3fb8c34f0237   centos    "/bin/bash"   4 minutes ago   Up 5 seconds             Nabajyoti_OS
[root@ip-172-31-6-207 ec2-user]# docker attach 3fb8c34f0237
[root@3fb8c34f0237 /]# exit
exit
[root@ip-172-31-6-207 ec2-user]# docker attach Nabajyoti_OS
You cannot attach to a stopped container, start it first
[root@ip-172-31-6-207 ec2-user]# docker start Nabajyoti_OS
Nabajyoti_OS
[root@ip-172-31-6-207 ec2-user]# docker start Nabajyoti_OS
Nabajyoti_OS
[root@ip-172-31-6-207 ec2-user]# docker attach Nabajyoti_OS
[root@3fb8c34f0237 /]# exit
exit
[root@ip-172-31-6-207 ec2-user]# docker ps
CONTAINER ID   IMAGE     COMMAND   CREATED   STATUS    PORTS     NAMES
[root@ip-172-31-6-207 ec2-user]# docker start Nabajyoti_OS
Nabajyoti_OS
[root@ip-172-31-6-207 ec2-user]# docker ps
CONTAINER ID   IMAGE     COMMAND       CREATED         STATUS         PORTS     NAMES
3fb8c34f0237   centos    "/bin/bash"   7 minutes ago   Up 2 seconds             Nabajyoti_OS
[root@ip-172-31-6-207 ec2-user]# docker stop Nabajyoti_OS
Nabajyoti_OS
[root@ip-172-31-6-207 ec2-user]# docker ps
CONTAINER ID   IMAGE     COMMAND   CREATED   STATUS    PORTS     NAMES
[root@ip-172-31-6-207 ec2-user]# docker ps -a
CONTAINER ID   IMAGE         COMMAND                  CREATED             STATUS                          PORTS     NAMES
3fb8c34f0237   centos        "/bin/bash"              8 minutes ago       Exited (0) About a minute ago             Nabajyoti_OS
debd511984a6   maven         "/usr/local/bin/mvn-…"   13 minutes ago      Exited (127) 12 minutes ago               sharp_mayer
122339a6bf0b   chef/chefdk   "/bin/bash"              15 minutes ago      Exited (0) 13 minutes ago                 funny_jackson
a6c84feece02   ubuntu        "/bin/bash"              18 minutes ago      Exited (127) 16 minutes ago               heuristic_antonelli
09e67a24a845   maven         "/usr/local/bin/mvn-…"   19 minutes ago      Exited (127) 18 minutes ago               festive_neumann
b898712f2ca4   ubuntu        "/bin/bash"              20 minutes ago      Exited (0) 20 minutes ago                 thirsty_lichterman
3ba7dbe7869f   maven         "/usr/local/bin/mvn-…"   20 minutes ago      Exited (0) 20 minutes ago                 boring_meninsky
cc824b365d8b   centos        "/bin/bash"              About an hour ago   Exited (0) About an hour ago              quirky_brown
d2c737edc326   centos        "/bin/bash"              About an hour ago   Exited (0) About an hour ago              keen_liskov
3b2b1317e343   ubuntu        "/bin/bash"              About an hour ago   Exited (0) About an hour ago              elegant_aryabhata
a65a42643066   ubuntu        "/bin/bash"              About an hour ago   Exited (0) About an hour ago              quirky_nightingale
[root@ip-172-31-6-207 ec2-user]# docker rm sharp_mayer
sharp_mayer
[root@ip-172-31-6-207 ec2-user]# docker rm sharp_mayer
Error: No such container: sharp_mayer
[root@ip-172-31-6-207 ec2-user]# docker ps -a
CONTAINER ID   IMAGE         COMMAND                  CREATED             STATUS                          PORTS     NAMES
3fb8c34f0237   centos        "/bin/bash"              9 minutes ago       Exited (0) About a minute ago             Nabajyoti_OS
122339a6bf0b   chef/chefdk   "/bin/bash"              15 minutes ago      Exited (0) 14 minutes ago                 funny_jackson
a6c84feece02   ubuntu        "/bin/bash"              18 minutes ago      Exited (127) 17 minutes ago               heuristic_antonelli
09e67a24a845   maven         "/usr/local/bin/mvn-…"   19 minutes ago      Exited (127) 18 minutes ago               festive_neumann
b898712f2ca4   ubuntu        "/bin/bash"              20 minutes ago      Exited (0) 20 minutes ago                 thirsty_lichterman
3ba7dbe7869f   maven         "/usr/local/bin/mvn-…"   21 minutes ago      Exited (0) 20 minutes ago                 boring_meninsky
cc824b365d8b   centos        "/bin/bash"              About an hour ago   Exited (0) About an hour ago              quirky_brown
d2c737edc326   centos        "/bin/bash"              About an hour ago   Exited (0) About an hour ago              keen_liskov
3b2b1317e343   ubuntu        "/bin/bash"              About an hour ago   Exited (0) About an hour ago              elegant_aryabhata
a65a42643066   ubuntu        "/bin/bash"              About an hour ago   Exited (0) About an hour ago              quirky_nightingale
[root@ip-172-31-6-207 ec2-user]# docker start Nabajyoti_OS
Nabajyoti_OS
[root@ip-172-31-6-207 ec2-user]# docker ps -a
CONTAINER ID   IMAGE         COMMAND                  CREATED             STATUS                         PORTS     NAMES
3fb8c34f0237   centos        "/bin/bash"              10 minutes ago      Up 2 seconds                             Nabajyoti_OS
122339a6bf0b   chef/chefdk   "/bin/bash"              16 minutes ago      Exited (0) 15 minutes ago                funny_jackson
a6c84feece02   ubuntu        "/bin/bash"              19 minutes ago      Exited (127) 18 minutes ago              heuristic_antonelli
09e67a24a845   maven         "/usr/local/bin/mvn-…"   20 minutes ago      Exited (127) 19 minutes ago              festive_neumann
b898712f2ca4   ubuntu        "/bin/bash"              21 minutes ago      Exited (0) 21 minutes ago                thirsty_lichterman
3ba7dbe7869f   maven         "/usr/local/bin/mvn-…"   21 minutes ago      Exited (0) 21 minutes ago                boring_meninsky
cc824b365d8b   centos        "/bin/bash"              About an hour ago   Exited (0) About an hour ago             quirky_brown
d2c737edc326   centos        "/bin/bash"              About an hour ago   Exited (0) About an hour ago             keen_liskov
3b2b1317e343   ubuntu        "/bin/bash"              About an hour ago   Exited (0) About an hour ago             elegant_aryabhata
a65a42643066   ubuntu        "/bin/bash"              About an hour ago   Exited (0) About an hour ago             quirky_nightingale
[root@ip-172-31-6-207 ec2-user]# docker stop Nabajyoti_OS
Nabajyoti_OS
[root@ip-172-31-6-207 ec2-user]# docker ps -a
CONTAINER ID   IMAGE         COMMAND                  CREATED             STATUS                         PORTS     NAMES
3fb8c34f0237   centos        "/bin/bash"              10 minutes ago      Exited (0) 2 seconds ago                 Nabajyoti_OS
122339a6bf0b   chef/chefdk   "/bin/bash"              16 minutes ago      Exited (0) 15 minutes ago                funny_jackson
a6c84feece02   ubuntu        "/bin/bash"              19 minutes ago      Exited (127) 18 minutes ago              heuristic_antonelli
09e67a24a845   maven         "/usr/local/bin/mvn-…"   20 minutes ago      Exited (127) 19 minutes ago              festive_neumann
b898712f2ca4   ubuntu        "/bin/bash"              21 minutes ago      Exited (0) 21 minutes ago                thirsty_lichterman
3ba7dbe7869f   maven         "/usr/local/bin/mvn-…"   22 minutes ago      Exited (0) 21 minutes ago                boring_meninsky
cc824b365d8b   centos        "/bin/bash"              About an hour ago   Exited (0) About an hour ago             quirky_brown
d2c737edc326   centos        "/bin/bash"              About an hour ago   Exited (0) About an hour ago             keen_liskov
3b2b1317e343   ubuntu        "/bin/bash"              About an hour ago   Exited (0) About an hour ago             elegant_aryabhata
a65a42643066   ubuntu        "/bin/bash"              About an hour ago   Exited (0) About an hour ago             quirky_nightingale
[root@ip-172-31-6-207 ec2-user]#








[root@ip-172-31-6-207 ec2-user]# docker images
REPOSITORY    TAG       IMAGE ID       CREATED         SIZE
ubuntu        latest    1318b700e415   8 days ago      72.8MB
maven         latest    af6fa399a100   12 days ago     774MB
centos        latest    300e315adb2f   7 months ago    209MB
chef/chefdk   latest    606472dfa936   13 months ago   820MB
[root@ip-172-31-6-207 ec2-user]#
[root@ip-172-31-6-207 ec2-user]# docker ps
CONTAINER ID   IMAGE     COMMAND   CREATED   STATUS    PORTS     NAMES
[root@ip-172-31-6-207 ec2-user]# docker ps -a
CONTAINER ID   IMAGE         COMMAND                  CREATED        STATUS                      PORTS     NAMES
3fb8c34f0237   centos        "/bin/bash"              26 hours ago   Exited (0) 26 hours ago               Nabajyoti_OS
122339a6bf0b   chef/chefdk   "/bin/bash"              26 hours ago   Exited (0) 26 hours ago               funny_jackson
a6c84feece02   ubuntu        "/bin/bash"              26 hours ago   Exited (127) 26 hours ago             heuristic_antonelli
09e67a24a845   maven         "/usr/local/bin/mvn-…"   26 hours ago   Exited (127) 26 hours ago             festive_neumann
b898712f2ca4   ubuntu        "/bin/bash"              26 hours ago   Exited (0) 26 hours ago               thirsty_lichterman
3ba7dbe7869f   maven         "/usr/local/bin/mvn-…"   26 hours ago   Exited (0) 26 hours ago               boring_meninsky
cc824b365d8b   centos        "/bin/bash"              27 hours ago   Exited (0) 27 hours ago               quirky_brown
d2c737edc326   centos        "/bin/bash"              27 hours ago   Exited (0) 27 hours ago               keen_liskov
3b2b1317e343   ubuntu        "/bin/bash"              27 hours ago   Exited (0) 27 hours ago               elegant_aryabhata
a65a42643066   ubuntu        "/bin/bash"              27 hours ago   Exited (0) 27 hours ago               quirky_nightingale
[root@ip-172-31-6-207 ec2-user]# docker run -it --name khuntia_OS  ubuntu /bin/bas
docker: Error response from daemon: OCI runtime create failed: container_linux.go:380: starting container process caused: exec: "/bin/bas": stat /bin/bas: no such file or directory: unknown.
[root@ip-172-31-6-207 ec2-user]# docker run -it --name khuntia_OS  ubuntu /bin/bash
docker: Error response from daemon: Conflict. The container name "/khuntia_OS" is already in use by container "ee2b9af9e06b8271fe69577bea866a9ad75ac3ff472e20ac90953993ba4db6b6". You have to remove (or rename) that container to be able to reuse that name.
See 'docker run --help'.
[root@ip-172-31-6-207 ec2-user]# docker run -it --name khuntia_OS  ubuntu /bin/bash
docker: Error response from daemon: Conflict. The container name "/khuntia_OS" is already in use by container "ee2b9af9e06b8271fe69577bea866a9ad75ac3ff472e20ac90953993ba4db6b6". You have to remove (or rename) that container to be able to reuse that name.
See 'docker run --help'.
[root@ip-172-31-6-207 ec2-user]# docker -ps
unknown shorthand flag: 'p' in -ps
See 'docker --help'.

Usage:  docker [OPTIONS] COMMAND

A self-sufficient runtime for containers

Options:
      --config string      Location of client config files (default "/root/.docker")
  -c, --context string     Name of the context to use to connect to the daemon (overrides DOCKER_HOST env var and default context set with "docker context use")
  -D, --debug              Enable debug mode
  -H, --host list          Daemon socket(s) to connect to
  -l, --log-level string   Set the logging level ("debug"|"info"|"warn"|"error"|"fatal") (default "info")
      --tls                Use TLS; implied by --tlsverify
      --tlscacert string   Trust certs signed only by this CA (default "/root/.docker/ca.pem")
      --tlscert string     Path to TLS certificate file (default "/root/.docker/cert.pem")
      --tlskey string      Path to TLS key file (default "/root/.docker/key.pem")
      --tlsverify          Use TLS and verify the remote
  -v, --version            Print version information and quit

Management Commands:
  builder     Manage builds
  config      Manage Docker configs
  container   Manage containers
  context     Manage contexts
  image       Manage images
  manifest    Manage Docker image manifests and manifest lists
  network     Manage networks
  node        Manage Swarm nodes
  plugin      Manage plugins
  secret      Manage Docker secrets
  service     Manage services
  stack       Manage Docker stacks
  swarm       Manage Swarm
  system      Manage Docker
  trust       Manage trust on Docker images
  volume      Manage volumes

Commands:
  attach      Attach local standard input, output, and error streams to a running container
  build       Build an image from a Dockerfile
  commit      Create a new image from a container's changes
  cp          Copy files/folders between a container and the local filesystem
  create      Create a new container
  diff        Inspect changes to files or directories on a container's filesystem
  events      Get real time events from the server
  exec        Run a command in a running container
  export      Export a container's filesystem as a tar archive
  history     Show the history of an image
  images      List images
  import      Import the contents from a tarball to create a filesystem image
  info        Display system-wide information
  inspect     Return low-level information on Docker objects
  kill        Kill one or more running containers
  load        Load an image from a tar archive or STDIN
  login       Log in to a Docker registry
  logout      Log out from a Docker registry
  logs        Fetch the logs of a container
  pause       Pause all processes within one or more containers
  port        List port mappings or a specific mapping for the container
  ps          List containers
  pull        Pull an image or a repository from a registry
  push        Push an image or a repository to a registry
  rename      Rename a container
  restart     Restart one or more containers
  rm          Remove one or more containers
  rmi         Remove one or more images
  run         Run a command in a new container
  save        Save one or more images to a tar archive (streamed to STDOUT by default)
  search      Search the Docker Hub for images
  start       Start one or more stopped containers
  stats       Display a live stream of container(s) resource usage statistics
  stop        Stop one or more running containers
  tag         Create a tag TARGET_IMAGE that refers to SOURCE_IMAGE
  top         Display the running processes of a container
  unpause     Unpause all processes within one or more containers
  update      Update configuration of one or more containers
  version     Show the Docker version information
  wait        Block until one or more containers stop, then print their exit codes

Run 'docker COMMAND --help' for more information on a command.

To get more help with docker, check out our guides at https://docs.docker.com/go/guides/

[root@ip-172-31-6-207 ec2-user]# docker ps
CONTAINER ID   IMAGE     COMMAND   CREATED   STATUS    PORTS     NAMES
[root@ip-172-31-6-207 ec2-user]# docker ps -a
CONTAINER ID   IMAGE         COMMAND                  CREATED              STATUS                      PORTS     NAMES
ee2b9af9e06b   ubuntu        "/bin/bas"               About a minute ago   Created                               khuntia_OS
3fb8c34f0237   centos        "/bin/bash"              26 hours ago         Exited (0) 26 hours ago               Nabajyoti_OS
122339a6bf0b   chef/chefdk   "/bin/bash"              26 hours ago         Exited (0) 26 hours ago               funny_jackson
a6c84feece02   ubuntu        "/bin/bash"              26 hours ago         Exited (127) 26 hours ago             heuristic_antonelli
09e67a24a845   maven         "/usr/local/bin/mvn-…"   26 hours ago         Exited (127) 26 hours ago             festive_neumann
b898712f2ca4   ubuntu        "/bin/bash"              26 hours ago         Exited (0) 26 hours ago               thirsty_lichterman
3ba7dbe7869f   maven         "/usr/local/bin/mvn-…"   26 hours ago         Exited (0) 26 hours ago               boring_meninsky
cc824b365d8b   centos        "/bin/bash"              27 hours ago         Exited (0) 27 hours ago               quirky_brown
d2c737edc326   centos        "/bin/bash"              27 hours ago         Exited (0) 27 hours ago               keen_liskov
3b2b1317e343   ubuntu        "/bin/bash"              27 hours ago         Exited (0) 27 hours ago               elegant_aryabhata
a65a42643066   ubuntu        "/bin/bash"              27 hours ago         Exited (0) 27 hours ago               quirky_nightingale
[root@ip-172-31-6-207 ec2-user]# docker rm khuntia_OS
khuntia_OS
[root@ip-172-31-6-207 ec2-user]# docker ps -a
CONTAINER ID   IMAGE         COMMAND                  CREATED        STATUS                      PORTS     NAMES
3fb8c34f0237   centos        "/bin/bash"              26 hours ago   Exited (0) 26 hours ago               Nabajyoti_OS
122339a6bf0b   chef/chefdk   "/bin/bash"              26 hours ago   Exited (0) 26 hours ago               funny_jackson
a6c84feece02   ubuntu        "/bin/bash"              26 hours ago   Exited (127) 26 hours ago             heuristic_antonelli
09e67a24a845   maven         "/usr/local/bin/mvn-…"   26 hours ago   Exited (127) 26 hours ago             festive_neumann
b898712f2ca4   ubuntu        "/bin/bash"              26 hours ago   Exited (0) 26 hours ago               thirsty_lichterman
3ba7dbe7869f   maven         "/usr/local/bin/mvn-…"   26 hours ago   Exited (0) 26 hours ago               boring_meninsky
cc824b365d8b   centos        "/bin/bash"              27 hours ago   Exited (0) 27 hours ago               quirky_brown
d2c737edc326   centos        "/bin/bash"              27 hours ago   Exited (0) 27 hours ago               keen_liskov
3b2b1317e343   ubuntu        "/bin/bash"              27 hours ago   Exited (0) 27 hours ago               elegant_aryabhata
a65a42643066   ubuntu        "/bin/bash"              27 hours ago   Exited (0) 27 hours ago               quirky_nightingale
[root@ip-172-31-6-207 ec2-user]# docker run -it --name khuntia_OS  ubuntu /bin/bash
root@b428fe19b9be:/#
root@b428fe19b9be:/# ls -lrt
total 0
drwxr-xr-x   2 root root   6 Apr 15  2020 home
drwxr-xr-x   2 root root   6 Apr 15  2020 boot
lrwxrwxrwx   1 root root   8 Jul 23 17:35 sbin -> usr/sbin
lrwxrwxrwx   1 root root  10 Jul 23 17:35 libx32 -> usr/libx32
lrwxrwxrwx   1 root root   9 Jul 23 17:35 lib64 -> usr/lib64
lrwxrwxrwx   1 root root   9 Jul 23 17:35 lib32 -> usr/lib32
lrwxrwxrwx   1 root root   7 Jul 23 17:35 lib -> usr/lib
lrwxrwxrwx   1 root root   7 Jul 23 17:35 bin -> usr/bin
drwxr-xr-x  13 root root 145 Jul 23 17:35 usr
drwxr-xr-x   2 root root   6 Jul 23 17:35 srv
drwxr-xr-x   2 root root   6 Jul 23 17:35 opt
drwxr-xr-x   2 root root   6 Jul 23 17:35 mnt
drwxr-xr-x   2 root root   6 Jul 23 17:35 media
drwxr-xr-x  11 root root 139 Jul 23 17:38 var
drwx------   2 root root  37 Jul 23 17:38 root
drwxrwxrwt   2 root root   6 Jul 23 17:38 tmp
drwxr-xr-x   5 root root  58 Jul 23 17:38 run
drwxr-xr-x   1 root root  66 Aug  4 15:35 etc
dr-xr-xr-x 106 root root   0 Aug  4 15:35 proc
dr-xr-xr-x  13 root root   0 Aug  4 15:35 sys
drwxr-xr-x   5 root root 360 Aug  4 15:35 dev
root@b428fe19b9be:/# cd tmp
root@b428fe19b9be:/tmp# ls -lrt
total 0
root@b428fe19b9be:/tmp# touch naba_documents.txt
root@b428fe19b9be:/tmp# ls -lrt
total 0
-rw-r--r-- 1 root root 0 Aug  4 15:37 naba_documents.txt
root@b428fe19b9be:/tmp# exit
exit
[root@ip-172-31-6-207 ec2-user]# docker ps -a
CONTAINER ID   IMAGE         COMMAND                  CREATED              STATUS                      PORTS     NAMES
b428fe19b9be   ubuntu        "/bin/bash"              About a minute ago   Exited (0) 7 seconds ago              khuntia_OS
3fb8c34f0237   centos        "/bin/bash"              26 hours ago         Exited (0) 26 hours ago               Nabajyoti_OS
122339a6bf0b   chef/chefdk   "/bin/bash"              26 hours ago         Exited (0) 26 hours ago               funny_jackson
a6c84feece02   ubuntu        "/bin/bash"              26 hours ago         Exited (127) 26 hours ago             heuristic_antonelli
09e67a24a845   maven         "/usr/local/bin/mvn-…"   26 hours ago         Exited (127) 26 hours ago             festive_neumann
b898712f2ca4   ubuntu        "/bin/bash"              26 hours ago         Exited (0) 26 hours ago               thirsty_lichterman
3ba7dbe7869f   maven         "/usr/local/bin/mvn-…"   26 hours ago         Exited (0) 26 hours ago               boring_meninsky
cc824b365d8b   centos        "/bin/bash"              27 hours ago         Exited (0) 27 hours ago               quirky_brown
d2c737edc326   centos        "/bin/bash"              27 hours ago         Exited (0) 27 hours ago               keen_liskov
3b2b1317e343   ubuntu        "/bin/bash"              27 hours ago         Exited (0) 27 hours ago               elegant_aryabhata
a65a42643066   ubuntu        "/bin/bash"              27 hours ago         Exited (0) 27 hours ago               quirky_nightingale
[root@ip-172-31-6-207 ec2-user]# docker diff khuntia_OS
C /root
A /root/.bash_history
C /tmp
A /tmp/naba_documents.txt
[root@ip-172-31-6-207 ec2-user]# docker images
REPOSITORY    TAG       IMAGE ID       CREATED         SIZE
ubuntu        latest    1318b700e415   8 days ago      72.8MB
maven         latest    af6fa399a100   12 days ago     774MB
centos        latest    300e315adb2f   7 months ago    209MB
chef/chefdk   latest    606472dfa936   13 months ago   820MB
[root@ip-172-31-6-207 ec2-user]# docker commit khuntia_OS ubuntu_nabajyoti
sha256:6d858768b5b321d5dcd9a180808e4fd6eb3b991ba0ff58749c6f8e609ad5bee3
[root@ip-172-31-6-207 ec2-user]# docker images
REPOSITORY         TAG       IMAGE ID       CREATED          SIZE
ubuntu_nabajyoti   latest    6d858768b5b3   13 seconds ago   72.8MB
ubuntu             latest    1318b700e415   8 days ago       72.8MB
maven              latest    af6fa399a100   12 days ago      774MB
centos             latest    300e315adb2f   7 months ago     209MB
chef/chefdk        latest    606472dfa936   13 months ago    820MB
[root@ip-172-31-6-207 ec2-user]# docker run -it --name khuntia_OS2 ubuntu_nabajyoti /bin/bash
root@4978a11a08f5:/# ls -lrt
total 0
drwxr-xr-x   2 root root   6 Apr 15  2020 home
drwxr-xr-x   2 root root   6 Apr 15  2020 boot
lrwxrwxrwx   1 root root   8 Jul 23 17:35 sbin -> usr/sbin
lrwxrwxrwx   1 root root  10 Jul 23 17:35 libx32 -> usr/libx32
lrwxrwxrwx   1 root root   9 Jul 23 17:35 lib64 -> usr/lib64
lrwxrwxrwx   1 root root   9 Jul 23 17:35 lib32 -> usr/lib32
lrwxrwxrwx   1 root root   7 Jul 23 17:35 lib -> usr/lib
lrwxrwxrwx   1 root root   7 Jul 23 17:35 bin -> usr/bin
drwxr-xr-x  13 root root 145 Jul 23 17:35 usr
drwxr-xr-x   2 root root   6 Jul 23 17:35 srv
drwxr-xr-x   2 root root   6 Jul 23 17:35 opt
drwxr-xr-x   2 root root   6 Jul 23 17:35 mnt
drwxr-xr-x   2 root root   6 Jul 23 17:35 media
drwxr-xr-x  11 root root 139 Jul 23 17:38 var
drwxr-xr-x   5 root root  58 Jul 23 17:38 run
dr-xr-xr-x  13 root root   0 Aug  4 15:36 sys
drwxrwxrwt   1 root root  32 Aug  4 15:37 tmp
drwx------   1 root root  27 Aug  4 15:37 root
drwxr-xr-x   1 root root  66 Aug  4 15:41 etc
dr-xr-xr-x 104 root root   0 Aug  4 15:41 proc
drwxr-xr-x   5 root root 360 Aug  4 15:41 dev
root@4978a11a08f5:/# cd tmp
root@4978a11a08f5:/tmp# ls -lrt
total 0
-rw-r--r-- 1 root root 0 Aug  4 15:37 naba_documents.txt
root@4978a11a08f5:/tmp# exit
exit
[root@ip-172-31-6-207 ec2-user]#

